#
# There is insufficient memory for the Java Runtime Environment to continue.
# Native memory allocation (mmap) failed to map 266338304 bytes for G1 virtual space
# Possible reasons:
#   The system is out of physical RAM or swap space
#   The process is running with CompressedOops enabled, and the Java Heap may be blocking the growth of the native heap
# Possible solutions:
#   Reduce memory load on the system
#   Increase physical memory or swap space
#   Check if swap backing store is full
#   Decrease Java heap size (-Xmx/-Xms)
#   Decrease number of Java threads
#   Decrease Java thread stack sizes (-Xss)
#   Set larger code cache with -XX:ReservedCodeCacheSize=
#   JVM is running with Zero Based Compressed Oops mode in which the Java heap is
#     placed in the first 32GB address space. The Java Heap base address is the
#     maximum limit for the native heap growth. Please use -XX:HeapBaseMinAddress
#     to set the Java Heap base and to place the Java Heap above 32GB virtual address.
# This output file may be truncated or incomplete.
#
#  Out of Memory Error (os_windows.cpp:3603), pid=26452, tid=8032
#
# JRE version:  (21.0.9+7) (build )
# Java VM: Java HotSpot(TM) 64-Bit Server VM (21.0.9+7-LTS-338, mixed mode, sharing, tiered, compressed oops, compressed class ptrs, g1 gc, windows-amd64)
# No core dump will be written. Minidumps are not enabled by default on client versions of Windows
#

---------------  S U M M A R Y ------------

Command Line: -Dclassworlds.conf=C:\Program Files\apache-maven-3.9.6\bin\m2.conf -Dmaven.home=C:\Program Files\apache-maven-3.9.6 -Dlibrary.jansi.path=C:\Program Files\apache-maven-3.9.6\lib\jansi-native -Dmaven.multiModuleProjectDirectory=D:\POC_FE\Active_Liveness_check\E-Kyc-verification-system-BE-JAVA org.codehaus.plexus.classworlds.launcher.Launcher -q compile -DskipTests

Host: 11th Gen Intel(R) Core(TM) i5-1135G7 @ 2.40GHz, 8 cores, 15G,  Windows 11 , 64 bit Build 26100 (10.0.26100.8328)
Time: Mon Jun  1 19:43:41 2026 India Standard Time elapsed time: 1.975348 seconds (0d 0h 0m 1s)

---------------  T H R E A D  ---------------

Current thread (0x000001f6ecc55d70):  JavaThread "Unknown thread" [_thread_in_vm, id=8032, stack(0x0000003ce8400000,0x0000003ce8500000) (1024K)]

Stack: [0x0000003ce8400000,0x0000003ce8500000]
Native frames: (J=compiled Java code, j=interpreted, Vv=VM code, C=native code)
V  [jvm.dll+0x6cbf89]
V  [jvm.dll+0x858421]
V  [jvm.dll+0x85a94e]
V  [jvm.dll+0x85b023]
V  [jvm.dll+0x27ebc6]
V  [jvm.dll+0x6c8705]
V  [jvm.dll+0x6bd26a]
V  [jvm.dll+0x354a0a]
V  [jvm.dll+0x35c686]
V  [jvm.dll+0x3af79e]
V  [jvm.dll+0x3afa48]
V  [jvm.dll+0x328d1c]
V  [jvm.dll+0x32987b]
V  [jvm.dll+0x821739]
V  [jvm.dll+0x3bc481]
V  [jvm.dll+0x80a9b8]
V  [jvm.dll+0x45166e]
V  [jvm.dll+0x453261]
C  [jli.dll+0x52a3]
C  [ucrtbase.dll+0x37b0]
C  [KERNEL32.DLL+0x2e957]
C  [ntdll.dll+0x427c]


---------------  P R O C E S S  ---------------

Threads class SMR info:
_java_thread_list=0x00007ffcbceefc08, length=0, elements={
}

Java Threads: ( => current thread )
Total: 0

Other Threads:
  0x000001f6eeef41e0 WorkerThread "GC Thread#0"                     [id=20732, stack(0x0000003ce8500000,0x0000003ce8600000) (1024K)]
  0x000001f6eef06390 ConcurrentGCThread "G1 Main Marker"            [id=2528, stack(0x0000003ce8600000,0x0000003ce8700000) (1024K)]
  0x000001f6eef06db0 WorkerThread "G1 Conc#0"                       [id=20884, stack(0x0000003ce8700000,0x0000003ce8800000) (1024K)]

[error occurred during error reporting (printing all threads), id 0xc0000005, EXCEPTION_ACCESS_VIOLATION (0xc0000005) at pc=0x00007ffcbc65b4a7]
VM state: not at safepoint (not fully initialized)

VM Mutex/Monitor currently owned by a thread:  ([mutex/lock_event])
[0x00007ffcbcf60ef0] Heap_lock - owner thread: 0x000001f6ecc55d70

Heap address: 0x0000000703600000, size: 4042 MB, Compressed Oops mode: Zero based, Oop shift amount: 3

CDS archive(s) mapped at: [0x0000000000000000-0x0000000000000000-0x0000000000000000), size 0, SharedBaseAddress: 0x0000000800000000, ArchiveRelocationMode: 1.
Narrow klass base: 0x0000000000000000, Narrow klass shift: 0, Narrow klass range: 0x0

GC Precious Log:
 CardTable entry size: 512
 Card Set container configuration: InlinePtr #cards 4 size 8 Array Of Cards #cards 16 size 48 Howl #buckets 8 coarsen threshold 3686 Howl Bitmap #cards 512 size 80 coarsen threshold 460 Card regions per heap region 1 cards per card region 4096

Heap:
 garbage-first heap   total 0K, used 0K [0x0000000703600000, 0x0000000800000000)
  region size 2048K, 0 young (0K), 0 survivors (0K)

[error occurred during error reporting (printing heap information), id 0xc0000005, EXCEPTION_ACCESS_VIOLATION (0xc0000005) at pc=0x00007ffcbca44ff9]
GC Heap History (0 events):
No events

Dll operation events (1 events):
Event: 0.026 Loaded shared library C:\Program Files\Java\jdk-21\bin\java.dll

Deoptimization events (0 events):
No events

Classes loaded (0 events):
No events

Classes unloaded (0 events):
No events

Classes redefined (0 events):
No events

Internal exceptions (0 events):
No events

ZGC Phase Switch (0 events):
No events

VM Operations (0 events):
No events

Events (0 events):
No events


Dynamic libraries:
0x00007ff7ba3a0000 - 0x00007ff7ba3b0000 	C:\Program Files\Java\jdk-21\bin\java.exe
0x00007ffd772e0000 - 0x00007ffd77547000 	C:\WINDOWS\SYSTEM32\ntdll.dll
0x00007ffd75440000 - 0x00007ffd75509000 	C:\WINDOWS\System32\KERNEL32.DLL
0x00007ffd74ae0000 - 0x00007ffd74ed7000 	C:\WINDOWS\System32\KERNELBASE.dll
0x00007ffd73f40000 - 0x00007ffd7408b000 	C:\WINDOWS\System32\ucrtbase.dll
0x00007ffd58c50000 - 0x00007ffd58c6b000 	C:\Program Files\Java\jdk-21\bin\VCRUNTIME140.dll
0x00007ffd5ceb0000 - 0x00007ffd5cec9000 	C:\Program Files\Java\jdk-21\bin\jli.dll
0x00007ffd75b00000 - 0x00007ffd75bb6000 	C:\WINDOWS\System32\ADVAPI32.dll
0x00007ffd75a50000 - 0x00007ffd75af9000 	C:\WINDOWS\System32\msvcrt.dll
0x00007ffd759a0000 - 0x00007ffd75a47000 	C:\WINDOWS\System32\sechost.dll
0x00007ffd76ef0000 - 0x00007ffd77008000 	C:\WINDOWS\System32\RPCRT4.dll
0x00007ffd76d20000 - 0x00007ffd76ee6000 	C:\WINDOWS\System32\USER32.dll
0x00007ffd73e50000 - 0x00007ffd73e77000 	C:\WINDOWS\System32\win32u.dll
0x00007ffd75060000 - 0x00007ffd7508b000 	C:\WINDOWS\System32\GDI32.dll
0x00007ffd749b0000 - 0x00007ffd74adc000 	C:\WINDOWS\System32\gdi32full.dll
0x00007ffd59040000 - 0x00007ffd592d2000 	C:\WINDOWS\WinSxS\amd64_microsoft.windows.common-controls_6595b64144ccf1df_6.0.26100.8457_none_3e0b2faee331e92d\COMCTL32.dll
0x00007ffd73d10000 - 0x00007ffd73db3000 	C:\WINDOWS\System32\msvcp_win.dll
0x00007ffd664b0000 - 0x00007ffd664bb000 	C:\WINDOWS\SYSTEM32\VERSION.dll
0x00007ffd755d0000 - 0x00007ffd75602000 	C:\WINDOWS\System32\IMM32.DLL
0x00007ffd67a70000 - 0x00007ffd67a7c000 	C:\Program Files\Java\jdk-21\bin\vcruntime140_1.dll
0x00007ffd1f2e0000 - 0x00007ffd1f36e000 	C:\Program Files\Java\jdk-21\bin\msvcp140.dll
0x00007ffcbc320000 - 0x00007ffcbd03d000 	C:\Program Files\Java\jdk-21\bin\server\jvm.dll
0x00007ffd77060000 - 0x00007ffd770e0000 	C:\WINDOWS\System32\WS2_32.dll
0x00007ffd73b70000 - 0x00007ffd73bce000 	C:\WINDOWS\SYSTEM32\POWRPROF.dll
0x00007ffd610f0000 - 0x00007ffd61126000 	C:\WINDOWS\SYSTEM32\WINMM.dll
0x00007ffd73b50000 - 0x00007ffd73b64000 	C:\WINDOWS\SYSTEM32\UMPDC.dll
0x00007ffd72aa0000 - 0x00007ffd72abb000 	C:\WINDOWS\SYSTEM32\kernel.appcore.dll
0x00007ffd603a0000 - 0x00007ffd603aa000 	C:\Program Files\Java\jdk-21\bin\jimage.dll
0x00007ffd719b0000 - 0x00007ffd71bf2000 	C:\WINDOWS\SYSTEM32\DBGHELP.DLL
0x00007ffd75610000 - 0x00007ffd75993000 	C:\WINDOWS\System32\combase.dll
0x00007ffd75bc0000 - 0x00007ffd75c99000 	C:\WINDOWS\System32\OLEAUT32.dll
0x00007ffd54e10000 - 0x00007ffd54e4b000 	C:\WINDOWS\SYSTEM32\dbgcore.DLL
0x00007ffd74090000 - 0x00007ffd74138000 	C:\WINDOWS\System32\bcryptPrimitives.dll
0x00007ffd58b70000 - 0x00007ffd58b8f000 	C:\Program Files\Java\jdk-21\bin\java.dll

dbghelp: loaded successfully - version: 4.0.5 - missing functions: none
symbol engine: initialized successfully - sym options: 0x614 - pdb path: .;C:\Program Files\Java\jdk-21\bin;C:\WINDOWS\SYSTEM32;C:\WINDOWS\WinSxS\amd64_microsoft.windows.common-controls_6595b64144ccf1df_6.0.26100.8457_none_3e0b2faee331e92d;C:\Program Files\Java\jdk-21\bin\server

VM Arguments:
jvm_args: -Dclassworlds.conf=C:\Program Files\apache-maven-3.9.6\bin\m2.conf -Dmaven.home=C:\Program Files\apache-maven-3.9.6 -Dlibrary.jansi.path=C:\Program Files\apache-maven-3.9.6\lib\jansi-native -Dmaven.multiModuleProjectDirectory=D:\POC_FE\Active_Liveness_check\E-Kyc-verification-system-BE-JAVA 
java_command: org.codehaus.plexus.classworlds.launcher.Launcher -q compile -DskipTests
java_class_path (initial): C:\Program Files\apache-maven-3.9.6\boot\plexus-classworlds-2.7.0.jar
Launcher Type: SUN_STANDARD

[Global flags]
     intx CICompilerCount                          = 4                                         {product} {ergonomic}
     uint ConcGCThreads                            = 2                                         {product} {ergonomic}
     uint G1ConcRefinementThreads                  = 8                                         {product} {ergonomic}
   size_t G1HeapRegionSize                         = 2097152                                   {product} {ergonomic}
    uintx GCDrainStackTargetSize                   = 64                                        {product} {ergonomic}
   size_t InitialHeapSize                          = 266338304                                 {product} {ergonomic}
   size_t MarkStackSize                            = 4194304                                   {product} {ergonomic}
   size_t MaxHeapSize                              = 4238344192                                {product} {ergonomic}
   size_t MinHeapDeltaBytes                        = 2097152                                   {product} {ergonomic}
   size_t MinHeapSize                              = 8388608                                   {product} {ergonomic}
    uintx NonNMethodCodeHeapSize                   = 5839372                                {pd product} {ergonomic}
    uintx NonProfiledCodeHeapSize                  = 122909434                              {pd product} {ergonomic}
    uintx ProfiledCodeHeapSize                     = 122909434                              {pd product} {ergonomic}
    uintx ReservedCodeCacheSize                    = 251658240                              {pd product} {ergonomic}
     bool SegmentedCodeCache                       = true                                      {product} {ergonomic}
   size_t SoftMaxHeapSize                          = 4238344192                             {manageable} {ergonomic}
     bool UseCompressedOops                        = true                           {product lp64_product} {ergonomic}
     bool UseG1GC                                  = true                                      {product} {ergonomic}
     bool UseLargePagesIndividualAllocation        = false                                  {pd product} {ergonomic}

Logging:
Log output configuration:
 #0: stdout all=warning uptime,level,tags foldmultilines=false
 #1: stderr all=off uptime,level,tags foldmultilines=false

Environment Variables:
JAVA_HOME=C:\Program Files\Java\jdk-21
PATH=c:\Users\vaish\AppData\Local\Programs\cursor\resources\app\resources\helpers;C:\Program Files\Common Files\Oracle\Java\javapath;C:\Program Files\Java\jdk-21\bin;C:\OracleBase\ORACLE_HOME\bin;C:\WINDOWS\system32;C:\WINDOWS;C:\WINDOWS\System32\Wbem;C:\WINDOWS\System32\WindowsPowerShell\v1.0\;C:\WINDOWS\System32\OpenSSH\;C:\Program Files\MySQL\MySQL Server 8.0\bin;C:\Program Files\Git\cmd;C:\TDM-GCC-32\bin;D:\Program Files\nodejs\frontend;C:\ProgramData\chocolatey\bin;C:\Program Files\Tesseract-OCR;C:\Program Files\MySQL\MySQL Shell 8.0\bin\;C:\Users\vaish\AppData\Local\Programs\Python\Python311\Scripts\;C:\Users\vaish\AppData\Local\Programs;C:\WINDOWS\system32;C:\WINDOWS;C:\WINDOWS\System32\Wbem;C:\WINDOWS\System32\WindowsPowerShell\v1.0\;C:\WINDOWS\System32\OpenSSH\;C:\Program Files\Apache Software Foundation\Tomcat 9.0\bin;C:\Program Files\Docker\Docker\resources\bin;C:\Program Files\apache-maven-3.9.6\bin;D:\kubectl;D:\kubectl\minikube\;C:\Users\vaish\AppData\Roaming\npm;D:\Program Files\nodejs\frontend\;C:\WINDOWS\system32;C:\WINDOWS;C:\WINDOWS\System32\Wbem;C:\WINDOWS\System32\WindowsPowerShell\v1.0\;C:\WINDOWS\System32\OpenSSH\;C:\Program Files\Java\jdk-21\bin;C:\Program Files\MySQL\MySQL Server 8.0\bin;C:\Program Files\Git\cmd;C:\TDM-GCC-32\bin;D:\Program Files\nodejs\frontend\;D:\Program Files\nodejs\frontend;C:\ProgramData\chocolatey\bin;C:\Program Files\Java\jdk-21\bin;C:\apache-maven-3.9.11\apache-maven-3.9.11\bin;C:\Program Files\Docker\Docker\resources\bin;C:\Program Files\Tesseract-OCR;C:\Program Files\MySQL\MySQL Shell 8.0\bin\;C:\Users\vaish\AppData\Local\Programs\Python\Python311\Scripts\;C:\Users\vaish\AppData\Local\Programs;C:\Program Files\Common Files\Oracle\Java\javapath;C:\ProgramData\Oracle\Java\javapath;C:\Users\vaish\Downloads\instantclient-basic-windows.x64-23.9.0.25.07.zip\instantclient_23_9;C:\Users\vaish\AppData\Local\Programs\Python\;C:\OracleBase\ORACLE_HOME\bin;C:\Users\vaish\AppData\Local\Microsoft\WindowsApps;C:\Users\vaish\AppData\Local\Programs\cursor\resources\app\bin;C:\Users\vaish\AppData\Roaming\npm;C:\Users\vaish\AppData\Local\Programs\Microsoft VS Code\bin
USERNAME=vaish
TERM=dumb
OS=Windows_NT
PROCESSOR_IDENTIFIER=Intel64 Family 6 Model 140 Stepping 1, GenuineIntel
TMP=C:\Users\vaish\AppData\Local\Temp
TEMP=C:\Users\vaish\AppData\Local\Temp




Periodic native trim disabled

---------------  S Y S T E M  ---------------

OS:
 Windows 11 , 64 bit Build 26100 (10.0.26100.8328)
OS uptime: 2 days 15:05 hours
Hyper-V role detected

CPU: total 8 (initial active 8) (4 cores per cpu, 2 threads per core) family 6 model 140 stepping 1 microcode 0x8a, cx8, cmov, fxsr, ht, mmx, 3dnowpref, sse, sse2, sse3, ssse3, sse4.1, sse4.2, popcnt, lzcnt, tsc, tscinvbit, avx, avx2, aes, erms, clmul, bmi1, bmi2, adx, avx512f, avx512dq, avx512cd, avx512bw, avx512vl, sha, fma, vzeroupper, avx512_vpopcntdq, avx512_vpclmulqdq, avx512_vaes, avx512_vnni, clflush, clflushopt, clwb, avx512_vbmi2, avx512_vbmi, hv, rdtscp, rdpid, fsrm, gfni, avx512_bitalg, f16c, cet_ibt, cet_ss, avx512_ifma
Processor Information for all 8 processors :
  Max Mhz: 2419, Current Mhz: 2419, Mhz Limit: 2419

Memory: 4k page, system-wide physical 16167M (616M free)
TotalPageFile size 32551M (AvailPageFile size 20M)
current process WorkingSet (physical memory assigned to process): 12M, peak: 12M
current process commit charge ("private bytes"): 60M, peak: 314M

vm_info: Java HotSpot(TM) 64-Bit Server VM (21.0.9+7-LTS-338) for windows-amd64 JRE (21.0.9+7-LTS-338), built on 2025-09-26T06:33:49Z by "mach5run" with MS VC++ 17.6 (VS2022)

END.
