#
# There is insufficient memory for the Java Runtime Environment to continue.
# Native memory allocation (mmap) failed to map 266338304 bytes for G1 virtual space
# Possible reasons:
#   The system is out of physical RAM or swap space
#   The process is running with CompressedOops enabled, and the Java Heap may be blocking the growth of the native heap
# Possible solutions:
#   Reduce memory load on the system
#   Increase physical memory or swap space
#   Check if swap backing store is full
#   Decrease Java heap size (-Xmx/-Xms)
#   Decrease number of Java threads
#   Decrease Java thread stack sizes (-Xss)
#   Set larger code cache with -XX:ReservedCodeCacheSize=
#   JVM is running with Zero Based Compressed Oops mode in which the Java heap is
#     placed in the first 32GB address space. The Java Heap base address is the
#     maximum limit for the native heap growth. Please use -XX:HeapBaseMinAddress
#     to set the Java Heap base and to place the Java Heap above 32GB virtual address.
# This output file may be truncated or incomplete.
#
#  Out of Memory Error (os_windows.cpp:3603), pid=31228, tid=28248
#
# JRE version:  (21.0.9+7) (build )
# Java VM: Java HotSpot(TM) 64-Bit Server VM (21.0.9+7-LTS-338, mixed mode, emulated-client, sharing, tiered, compressed oops, compressed class ptrs, g1 gc, windows-amd64)
# No core dump will be written. Minidumps are not enabled by default on client versions of Windows
#

---------------  S U M M A R Y ------------

Command Line: -XX:TieredStopAtLevel=1 com.kyc.liveness.LivenessApplication

Host: 11th Gen Intel(R) Core(TM) i5-1135G7 @ 2.40GHz, 8 cores, 15G,  Windows 11 , 64 bit Build 26100 (10.0.26100.8328)
Time: Fri May 22 22:43:21 2026 India Standard Time elapsed time: 2.118291 seconds (0d 0h 0m 2s)

---------------  T H R E A D  ---------------

Current thread (0x00000205f1f8b6e0):  JavaThread "Unknown thread" [_thread_in_vm, id=28248, stack(0x000000ff02400000,0x000000ff02500000) (1024K)]

Stack: [0x000000ff02400000,0x000000ff02500000]
Native frames: (J=compiled Java code, j=interpreted, Vv=VM code, C=native code)
V  [jvm.dll+0x6cbf89]
V  [jvm.dll+0x858421]
V  [jvm.dll+0x85a94e]
V  [jvm.dll+0x85b023]
V  [jvm.dll+0x27ebc6]
V  [jvm.dll+0x6c8705]
V  [jvm.dll+0x6bd26a]
V  [jvm.dll+0x354a0a]
V  [jvm.dll+0x35c686]
V  [jvm.dll+0x3af79e]
V  [jvm.dll+0x3afa48]
V  [jvm.dll+0x328d1c]
V  [jvm.dll+0x32987b]
V  [jvm.dll+0x821739]
V  [jvm.dll+0x3bc481]
V  [jvm.dll+0x80a9b8]
V  [jvm.dll+0x45166e]
V  [jvm.dll+0x453261]
C  [jli.dll+0x52a3]
C  [ucrtbase.dll+0x37b0]
C  [KERNEL32.DLL+0x2e957]
C  [ntdll.dll+0x427c]


---------------  P R O C E S S  ---------------

Threads class SMR info:
_java_thread_list=0x00007fff7b14fc08, length=0, elements={
}

Java Threads: ( => current thread )
Total: 0

Other Threads:
  0x00000205f1feb2d0 WorkerThread "GC Thread#0"                     [id=6720, stack(0x000000ff02500000,0x000000ff02600000) (1024K)]
  0x00000205f1ffdcf0 ConcurrentGCThread "G1 Main Marker"            [id=31800, stack(0x000000ff02600000,0x000000ff02700000) (1024K)]
  0x00000205f1ffeeb0 WorkerThread "G1 Conc#0"                       [id=28344, stack(0x000000ff02700000,0x000000ff02800000) (1024K)]

[error occurred during error reporting (printing all threads), id 0xc0000005, EXCEPTION_ACCESS_VIOLATION (0xc0000005) at pc=0x00007fff7a8bb4a7]
VM state: not at safepoint (not fully initialized)

VM Mutex/Monitor currently owned by a thread:  ([mutex/lock_event])
[0x00007fff7b1c0ef0] Heap_lock - owner thread: 0x00000205f1f8b6e0

Heap address: 0x0000000703600000, size: 4042 MB, Compressed Oops mode: Zero based, Oop shift amount: 3

CDS archive(s) mapped at: [0x0000000000000000-0x0000000000000000-0x0000000000000000), size 0, SharedBaseAddress: 0x0000000800000000, ArchiveRelocationMode: 1.
Narrow klass base: 0x0000000000000000, Narrow klass shift: 0, Narrow klass range: 0x0

GC Precious Log:
 CardTable entry size: 512
 Card Set container configuration: InlinePtr #cards 4 size 8 Array Of Cards #cards 16 size 48 Howl #buckets 8 coarsen threshold 3686 Howl Bitmap #cards 512 size 80 coarsen threshold 460 Card regions per heap region 1 cards per card region 4096

Heap:
 garbage-first heap   total 0K, used 0K [0x0000000703600000, 0x0000000800000000)
  region size 2048K, 0 young (0K), 0 survivors (0K)

[error occurred during error reporting (printing heap information), id 0xc0000005, EXCEPTION_ACCESS_VIOLATION (0xc0000005) at pc=0x00007fff7aca4ff9]
GC Heap History (0 events):
No events

Dll operation events (1 events):
Event: 0.017 Loaded shared library C:\Program Files\Java\jdk-21\bin\java.dll

Deoptimization events (0 events):
No events

Classes loaded (0 events):
No events

Classes unloaded (0 events):
No events

Classes redefined (0 events):
No events

Internal exceptions (0 events):
No events

ZGC Phase Switch (0 events):
No events

VM Operations (0 events):
No events

Events (0 events):
No events


Dynamic libraries:
0x00007ff722880000 - 0x00007ff722890000 	C:\Program Files\Java\jdk-21\bin\java.exe
0x00007ff86db20000 - 0x00007ff86dd87000 	C:\WINDOWS\SYSTEM32\ntdll.dll
0x00007ff86d510000 - 0x00007ff86d5d9000 	C:\WINDOWS\System32\KERNEL32.DLL
0x00007ff86a8a0000 - 0x00007ff86ac97000 	C:\WINDOWS\System32\KERNELBASE.dll
0x00007ff86a6c0000 - 0x00007ff86a80b000 	C:\WINDOWS\System32\ucrtbase.dll
0x00007ff82a6a0000 - 0x00007ff82a6b9000 	C:\Program Files\Java\jdk-21\bin\jli.dll
0x00007ff8518d0000 - 0x00007ff8518eb000 	C:\Program Files\Java\jdk-21\bin\VCRUNTIME140.dll
0x00007ff86da10000 - 0x00007ff86dac6000 	C:\WINDOWS\System32\ADVAPI32.dll
0x00007ff86ce90000 - 0x00007ff86cf39000 	C:\WINDOWS\System32\msvcrt.dll
0x00007ff86bdc0000 - 0x00007ff86be67000 	C:\WINDOWS\System32\sechost.dll
0x00007ff86d8f0000 - 0x00007ff86da08000 	C:\WINDOWS\System32\RPCRT4.dll
0x00007ff86be70000 - 0x00007ff86c036000 	C:\WINDOWS\System32\USER32.dll
0x00007ff86aca0000 - 0x00007ff86acc7000 	C:\WINDOWS\System32\win32u.dll
0x00007ff86bd00000 - 0x00007ff86bd2b000 	C:\WINDOWS\System32\GDI32.dll
0x00007ff869750000 - 0x00007ff8699e2000 	C:\WINDOWS\WinSxS\amd64_microsoft.windows.common-controls_6595b64144ccf1df_6.0.26100.8457_none_3e0b2faee331e92d\COMCTL32.dll
0x00007ff86b5f0000 - 0x00007ff86b71c000 	C:\WINDOWS\System32\gdi32full.dll
0x00007ff86acd0000 - 0x00007ff86ad73000 	C:\WINDOWS\System32\msvcp_win.dll
0x00007ff8633f0000 - 0x00007ff8633fb000 	C:\WINDOWS\SYSTEM32\VERSION.dll
0x00007ff86d120000 - 0x00007ff86d152000 	C:\WINDOWS\System32\IMM32.DLL
0x00007ff855710000 - 0x00007ff85571c000 	C:\Program Files\Java\jdk-21\bin\vcruntime140_1.dll
0x00007fffa1180000 - 0x00007fffa120e000 	C:\Program Files\Java\jdk-21\bin\msvcp140.dll
0x00007fff7a580000 - 0x00007fff7b29d000 	C:\Program Files\Java\jdk-21\bin\server\jvm.dll
0x00007ff86bd30000 - 0x00007ff86bdb0000 	C:\WINDOWS\System32\WS2_32.dll
0x00007ff86a3b0000 - 0x00007ff86a40e000 	C:\WINDOWS\SYSTEM32\POWRPROF.dll
0x00007ff859dc0000 - 0x00007ff859df6000 	C:\WINDOWS\SYSTEM32\WINMM.dll
0x00007ff86a390000 - 0x00007ff86a3a4000 	C:\WINDOWS\SYSTEM32\UMPDC.dll
0x00007ff868990000 - 0x00007ff8689ab000 	C:\WINDOWS\SYSTEM32\kernel.appcore.dll
0x00007ff851540000 - 0x00007ff85154a000 	C:\Program Files\Java\jdk-21\bin\jimage.dll
0x00007ff869d20000 - 0x00007ff869f62000 	C:\WINDOWS\SYSTEM32\DBGHELP.DLL
0x00007ff86b950000 - 0x00007ff86bcd3000 	C:\WINDOWS\System32\combase.dll
0x00007ff86d160000 - 0x00007ff86d239000 	C:\WINDOWS\System32\OLEAUT32.dll
0x00007ff869bf0000 - 0x00007ff869c2b000 	C:\WINDOWS\SYSTEM32\dbgcore.DLL
0x00007ff86a610000 - 0x00007ff86a6b8000 	C:\WINDOWS\System32\bcryptPrimitives.dll
0x00007ff846af0000 - 0x00007ff846b0f000 	C:\Program Files\Java\jdk-21\bin\java.dll

dbghelp: loaded successfully - version: 4.0.5 - missing functions: none
symbol engine: initialized successfully - sym options: 0x614 - pdb path: .;C:\Program Files\Java\jdk-21\bin;C:\WINDOWS\SYSTEM32;C:\WINDOWS\WinSxS\amd64_microsoft.windows.common-controls_6595b64144ccf1df_6.0.26100.8457_none_3e0b2faee331e92d;C:\Program Files\Java\jdk-21\bin\server

VM Arguments:
jvm_args: -XX:TieredStopAtLevel=1 
java_command: com.kyc.liveness.LivenessApplication
java_class_path (initial): D:\POC_FE\Active_Liveness_check\springboot-backend\target\classes;C:\Users\vaish\.m2\repository\org\springframework\boot\spring-boot\3.2.5\spring-boot-3.2.5.jar;C:\Users\vaish\.m2\repository\org\springframework\boot\spring-boot-autoconfigure\3.2.5\spring-boot-autoconfigure-3.2.5.jar;C:\Users\vaish\.m2\repository\ch\qos\logback\logback-classic\1.4.14\logback-classic-1.4.14.jar;C:\Users\vaish\.m2\repository\ch\qos\logback\logback-core\1.4.14\logback-core-1.4.14.jar;C:\Users\vaish\.m2\repository\org\apache\logging\log4j\log4j-to-slf4j\2.21.1\log4j-to-slf4j-2.21.1.jar;C:\Users\vaish\.m2\repository\org\apache\logging\log4j\log4j-api\2.21.1\log4j-api-2.21.1.jar;C:\Users\vaish\.m2\repository\org\slf4j\jul-to-slf4j\2.0.13\jul-to-slf4j-2.0.13.jar;C:\Users\vaish\.m2\repository\jakarta\annotation\jakarta.annotation-api\2.1.1\jakarta.annotation-api-2.1.1.jar;C:\Users\vaish\.m2\repository\org\yaml\snakeyaml\2.2\snakeyaml-2.2.jar;C:\Users\vaish\.m2\repository\com\fasterxml\jackson\core\jackson-databind\2.15.4\jackson-databind-2.15.4.jar;C:\Users\vaish\.m2\repository\com\fasterxml\jackson\core\jackson-annotations\2.15.4\jackson-annotations-2.15.4.jar;C:\Users\vaish\.m2\repository\com\fasterxml\jackson\core\jackson-core\2.15.4\jackson-core-2.15.4.jar;C:\Users\vaish\.m2\repository\com\fasterxml\jackson\datatype\jackson-datatype-jdk8\2.15.4\jackson-datatype-jdk8-2.15.4.jar;C:\Users\vaish\.m2\repository\com\fasterxml\jackson\datatype\jackson-datatype-jsr310\2.15.4\jackson-datatype-jsr310-2.15.4.jar;C:\Users\vaish\.m2\repository\com\fasterxml\jackson\module\jackson-module-parameter-names\2.15.4\jackson-module-parameter-names-2.15.4.jar;C:\Users\vaish\.m2\repository\org\apache\tomcat\embed\tomcat-embed-core\10.1.20\tomcat-embed-core-10.1.20.jar;C:\Users\vaish\.m2\repository\org\apache\tomcat\embed\tomcat-embed-el\10.1.20\tomcat-embed-el-10.1.20.jar;C:\Users\vaish\.m2\repository\org\apache\tomcat\embed\tomcat-embed-websocket\10.1.20\tomcat-embed-websocket-10.1.20.jar;C:\Users\vaish\.m2\repository\org\springframework\spring-web\6.1.6\spring-web-6.1.6.jar;C:\Users\vaish\.m2\repository\org\springframework\spring-beans\6.1.6\spring-beans-6.1.6.jar;C:\Users\vaish\.m2\repository\io\micrometer\micrometer-observation\1.12.5\micrometer-observation-1.12.5.jar;C:\Users\vaish\.m2\repository\io\micrometer\micrometer-commons\1.12.5\micrometer-commons-1.12.5.jar;C:\Users\vaish\.m2\repository\org\springframework\spring-webmvc\6.1.6\spring-webmvc-6.1.6.jar;C:\Users\vaish\.m2\repository\org\springframework\spring-aop\6.1.6\spring-aop-6.1.6.jar;C:\Users\vaish\.m2\repository\org\springframework\spring-context\6.1.6\spring-context-6.1.6.jar;C:\Users\vaish\.m2\repository\org\springframework\spring-expression\6.1.6\spring-expression-6.1.6.jar;C:\Users\vaish\.m2\repository\software\amazon\awssdk\rekognition\2.25.40\rekognition-2.25.40.jar;C:\Users\vaish\.m2\repository\software\amazon\awssdk\aws-json-protocol\2.25.40\aws-json-protocol-2.25.40.jar;C:\Users\vaish\.m2\repository\software\amazon\awssdk\third-party-jackson-core\2.25.40\third-party-jackson-core-2.25.40.jar;C:\Users\vaish\.m2\repository\software\amazon\awssdk\protocol-core\2.25.40\protocol-core-2.25.40.jar;C:\Users\vaish\.m2\repository\software\amazon\awssdk\http-auth-aws\2.25.40\http-auth-aws-2.25.40.jar;C:\Users\vaish\.m2\repository\software\amazon\awssdk\checksums-spi\2.25.40\checksums-spi-2.25.40.jar;C:\Users\vaish\.m2\repository\software\amazon\awssdk\checksums\2.25.40\checksums-2.25.40.jar;C:\Users\vaish\.m2\repository\software\amazon\awssdk\sdk-core\2.25.40\sdk-core-2.25.40.jar;C:\Users\vaish\.m2\repository\org\slf4j\slf4j-api\2.0.13\slf4j-api-2.0.13.jar;C:\Users\vaish\.m2\repository\org\reactivestreams\reactive-streams\1.0.4\reactive-streams-1.0.4.jar;C:\Users\vaish\.m2\repository\software\amazon\awssdk\auth\2.25.40\auth-2.25.40.jar;C:\Users\vaish\.m2\repository\software\amazon\eventstream\eventstream\1.0.1\eventstream-1.0.1.jar;C:\Users\vaish\.m2\repository\software\amazon\awssdk\http-auth-spi\2.25.40\http-auth-spi-2.25.40.jar;C:\Users\vaish\.m2\repository\software\amazon\awssdk\http-auth\2.25.40\http-auth-2.25.40.jar;C:\Users\vaish\.m2\repository\software\amazon\awssdk\identity-spi\2.25.40\identity-spi-2.25.40.jar;C:\Users\vaish\.m2\repository\software\amazon\awssdk\http-client-spi\2.25.40\http-client-spi-2.25.40.jar;C:\Users\vaish\.m2\repository\software\amazon\awssdk\regions\2.25.40\regions-2.25.40.jar;C:\Users\vaish\.m2\repository\software\amazon\awssdk\annotations\2.25.40\annotations-2.25.40.jar;C:\Users\vaish\.m2\repository\software\amazon\awssdk\utils\2.25.40\utils-2.25.40.jar;C:\Users\vaish\.m2\repository\software\amazon\awssdk\aws-core\2.25.40\aws-core-2.25.40.jar;C:\Users\vaish\.m2\repository\software\amazon\awssdk\metrics-spi\2.25.40\metrics-spi-2.25.40.jar;C:\Users\vaish\.m2\repository\software\amazon\awssdk\json-utils\2.25.40\json-utils-2.25.40.jar;C:\Users\vaish\.m2\repository\software\amazon\awssdk\endpoints-spi\2.25.40\endpoints-spi-2.25.40.jar;C:\Users\vaish\.m2\repository\software\amazon\awssdk\apache-client\2.25.40\apache-client-2.25.40.jar;C:\Users\vaish\.m2\repository\org\apache\httpcomponents\httpclient\4.5.13\httpclient-4.5.13.jar;C:\Users\vaish\.m2\repository\commons-logging\commons-logging\1.2\commons-logging-1.2.jar;C:\Users\vaish\.m2\repository\org\apache\httpcomponents\httpcore\4.4.16\httpcore-4.4.16.jar;C:\Users\vaish\.m2\repository\commons-codec\commons-codec\1.16.1\commons-codec-1.16.1.jar;C:\Users\vaish\.m2\repository\software\amazon\awssdk\netty-nio-client\2.25.40\netty-nio-client-2.25.40.jar;C:\Users\vaish\.m2\repository\io\netty\netty-codec-http\4.1.109.Final\netty-codec-http-4.1.109.Final.jar;C:\Users\vaish\.m2\repository\io\netty\netty-codec-http2\4.1.109.Final\netty-codec-http2-4.1.109.Final.jar;C:\Users\vaish\.m2\repository\io\netty\netty-codec\4.1.109.Final\netty-codec-4.1.109.Final.jar;C:\Users\vaish\.m2\repository\io\netty\netty-transport\4.1.109.Final\netty-transport-4.1.109.Final.jar;C:\Users\vaish\.m2\repository\io\netty\netty-common\4.1.109.Final\netty-common-4.1.109.Final.jar;C:\Users\vaish\.m2\repository\io\netty\netty-buffer\4.1.109.Final\netty-buffer-4.1.109.Final.jar;C:\Users\vaish\.m2\repository\io\netty\netty-handler\4.1.109.Final\netty-handler-4.1.109.Final.jar;C:\Users\vaish\.m2\repository\io\netty\netty-transport-native-unix-common\4.1.109.Final\netty-transport-native-unix-common-4.1.109.Final.jar;C:\Users\vaish\.m2\repository\io\netty\netty-transport-classes-epoll\4.1.109.Final\netty-transport-classes-epoll-4.1.109.Final.jar;C:\Users\vaish\.m2\repository\io\netty\netty-resolver\4.1.109.Final\netty-resolver-4.1.109.Final.jar;C:\Users\vaish\.m2\repository\software\amazon\awssdk\sts\2.25.40\sts-2.25.40.jar;C:\Users\vaish\.m2\repository\software\amazon\awssdk\aws-query-protocol\2.25.40\aws-query-protocol-2.25.40.jar;C:\Users\vaish\.m2\repository\software\amazon\awssdk\profiles\2.25.40\profiles-2.25.40.jar;C:\Users\vaish\.m2\repository\org\springframework\spring-core\6.1.6\spring-core-6.1.6.jar;C:\Users\vaish\.m2\repository\org\springframework\spring-jcl\6.1.6\spring-jcl-6.1.6.jar
Launcher Type: SUN_STANDARD

[Global flags]
     intx CICompilerCount                          = 4                                         {product} {ergonomic}
     uint ConcGCThreads                            = 2                                         {product} {ergonomic}
     uint G1ConcRefinementThreads                  = 8                                         {product} {ergonomic}
   size_t G1HeapRegionSize                         = 2097152                                   {product} {ergonomic}
    uintx GCDrainStackTargetSize                   = 64                                        {product} {ergonomic}
   size_t InitialHeapSize                          = 266338304                                 {product} {ergonomic}
   size_t MarkStackSize                            = 4194304                                   {product} {ergonomic}
   size_t MaxHeapSize                              = 4238344192                                {product} {ergonomic}
   size_t MinHeapDeltaBytes                        = 2097152                                   {product} {ergonomic}
   size_t MinHeapSize                              = 8388608                                   {product} {ergonomic}
    uintx NonNMethodCodeHeapSize                   = 4096                                   {pd product} {ergonomic}
    uintx NonProfiledCodeHeapSize                  = 0                                      {pd product} {ergonomic}
     bool ProfileInterpreter                       = false                                  {pd product} {command line}
    uintx ProfiledCodeHeapSize                     = 0                                      {pd product} {ergonomic}
   size_t SoftMaxHeapSize                          = 4238344192                             {manageable} {ergonomic}
     intx TieredStopAtLevel                        = 1                                         {product} {command line}
     bool UseCompressedOops                        = true                           {product lp64_product} {ergonomic}
     bool UseG1GC                                  = true                                      {product} {ergonomic}
     bool UseLargePagesIndividualAllocation        = false                                  {pd product} {ergonomic}

Logging:
Log output configuration:
 #0: stdout all=warning uptime,level,tags foldmultilines=false
 #1: stderr all=off uptime,level,tags foldmultilines=false

Environment Variables:
JAVA_HOME=C:\Program Files\Java\jdk-21
PATH=c:\Users\vaish\AppData\Local\Programs\cursor\resources\app\resources\helpers;C:\Program Files\Common Files\Oracle\Java\javapath;C:\Program Files\Java\jdk-21\bin;C:\OracleBase\ORACLE_HOME\bin;C:\WINDOWS\system32;C:\WINDOWS;C:\WINDOWS\System32\Wbem;C:\WINDOWS\System32\WindowsPowerShell\v1.0\;C:\WINDOWS\System32\OpenSSH\;C:\Program Files\MySQL\MySQL Server 8.0\bin;C:\Program Files\Git\cmd;C:\TDM-GCC-32\bin;D:\Program Files\nodejs\frontend;C:\ProgramData\chocolatey\bin;C:\Program Files\Tesseract-OCR;C:\Program Files\MySQL\MySQL Shell 8.0\bin\;C:\Users\vaish\AppData\Local\Programs\Python\Python311\Scripts\;C:\Users\vaish\AppData\Local\Programs;C:\WINDOWS\system32;C:\WINDOWS;C:\WINDOWS\System32\Wbem;C:\WINDOWS\System32\WindowsPowerShell\v1.0\;C:\WINDOWS\System32\OpenSSH\;C:\Program Files\Apache Software Foundation\Tomcat 9.0\bin;C:\Program Files\Docker\Docker\resources\bin;C:\Program Files\apache-maven-3.9.6\bin;D:\kubectl;D:\kubectl\minikube\;C:\Users\vaish\AppData\Roaming\npm;D:\Program Files\nodejs\frontend\;C:\WINDOWS\system32;C:\WINDOWS;C:\WINDOWS\System32\Wbem;C:\WINDOWS\System32\WindowsPowerShell\v1.0\;C:\WINDOWS\System32\OpenSSH\;C:\Program Files\Java\jdk-21\bin;C:\Program Files\MySQL\MySQL Server 8.0\bin;C:\Program Files\Git\cmd;C:\TDM-GCC-32\bin;D:\Program Files\nodejs\frontend\;D:\Program Files\nodejs\frontend;C:\ProgramData\chocolatey\bin;C:\Program Files\Java\jdk-21\bin;C:\apache-maven-3.9.11\apache-maven-3.9.11\bin;C:\Program Files\Docker\Docker\resources\bin;C:\Program Files\Tesseract-OCR;C:\Program Files\MySQL\MySQL Shell 8.0\bin\;C:\Users\vaish\AppData\Local\Programs\Python\Python311\Scripts\;C:\Users\vaish\AppData\Local\Programs;C:\Program Files\Common Files\Oracle\Java\javapath;C:\ProgramData\Oracle\Java\javapath;C:\Users\vaish\Downloads\instantclient-basic-windows.x64-23.9.0.25.07.zip\instantclient_23_9;C:\Users\vaish\AppData\Local\Programs\Python\;C:\OracleBase\ORACLE_HOME\bin;C:\Users\vaish\AppData\Local\Microsoft\WindowsApps;C:\Users\vaish\AppData\Local\Programs\Microsoft VS Code\bin;C:\Users\vaish\AppData\Local\Programs\cursor\resources\app\bin;C:\Users\vaish\AppData\Roaming\npm
USERNAME=vaish
TERM=dumb
OS=Windows_NT
PROCESSOR_IDENTIFIER=Intel64 Family 6 Model 140 Stepping 1, GenuineIntel
TMP=C:\Users\vaish\AppData\Local\Temp
TEMP=C:\Users\vaish\AppData\Local\Temp




Periodic native trim disabled

---------------  S Y S T E M  ---------------

OS:
 Windows 11 , 64 bit Build 26100 (10.0.26100.8328)
OS uptime: 0 days 10:32 hours
Hyper-V role detected

CPU: total 8 (initial active 8) (4 cores per cpu, 2 threads per core) family 6 model 140 stepping 1 microcode 0x8a, cx8, cmov, fxsr, ht, mmx, 3dnowpref, sse, sse2, sse3, ssse3, sse4.1, sse4.2, popcnt, lzcnt, tsc, tscinvbit, avx, avx2, aes, erms, clmul, bmi1, bmi2, adx, avx512f, avx512dq, avx512cd, avx512bw, avx512vl, sha, fma, vzeroupper, avx512_vpopcntdq, avx512_vpclmulqdq, avx512_vaes, avx512_vnni, clflush, clflushopt, clwb, avx512_vbmi2, avx512_vbmi, hv, rdtscp, rdpid, fsrm, gfni, avx512_bitalg, f16c, cet_ibt, cet_ss, avx512_ifma
Processor Information for all 8 processors :
  Max Mhz: 2419, Current Mhz: 2419, Mhz Limit: 2419

Memory: 4k page, system-wide physical 16167M (916M free)
TotalPageFile size 32551M (AvailPageFile size 2M)
current process WorkingSet (physical memory assigned to process): 12M, peak: 12M
current process commit charge ("private bytes"): 55M, peak: 309M

vm_info: Java HotSpot(TM) 64-Bit Server VM (21.0.9+7-LTS-338) for windows-amd64 JRE (21.0.9+7-LTS-338), built on 2025-09-26T06:33:49Z by "mach5run" with MS VC++ 17.6 (VS2022)

END.
