#
# There is insufficient memory for the Java Runtime Environment to continue.
# Native memory allocation (mmap) failed to map 104857600 bytes for G1 virtual space
# Possible reasons:
#   The system is out of physical RAM or swap space
#   The process is running with CompressedOops enabled, and the Java Heap may be blocking the growth of the native heap
# Possible solutions:
#   Reduce memory load on the system
#   Increase physical memory or swap space
#   Check if swap backing store is full
#   Decrease Java heap size (-Xmx/-Xms)
#   Decrease number of Java threads
#   Decrease Java thread stack sizes (-Xss)
#   Set larger code cache with -XX:ReservedCodeCacheSize=
#   JVM is running with Zero Based Compressed Oops mode in which the Java heap is
#     placed in the first 32GB address space. The Java Heap base address is the
#     maximum limit for the native heap growth. Please use -XX:HeapBaseMinAddress
#     to set the Java Heap base and to place the Java Heap above 32GB virtual address.
# This output file may be truncated or incomplete.
#
#  Out of Memory Error (os_windows.cpp:3548), pid=12952, tid=16408
#
# JRE version: Java(TM) SE Runtime Environment (17.0.12+8) (build 17.0.12+8-LTS-286)
# Java VM: Java HotSpot(TM) 64-Bit Server VM (17.0.12+8-LTS-286, mixed mode, sharing, tiered, compressed oops, compressed class ptrs, g1 gc, windows-amd64)
# No core dump will be written. Minidumps are not enabled by default on client versions of Windows
#

---------------  S U M M A R Y ------------

Command Line: -Dfile.encoding=UTF-8 -Dstdout.encoding=UTF-8 -Dstderr.encoding=UTF-8 -XX:+ShowCodeDetailsInExceptionMessages com.kyc.liveness.LivenessApplication

Host: 11th Gen Intel(R) Core(TM) i5-1135G7 @ 2.40GHz, 8 cores, 15G,  Windows 11 , 64 bit Build 26100 (10.0.26100.8328)
Time: Sat May 23 00:09:29 2026 India Standard Time elapsed time: 81.441107 seconds (0d 0h 1m 21s)

---------------  T H R E A D  ---------------

Current thread (0x000002108f2f0ff0):  VMThread "VM Thread" [stack: 0x0000003a3be00000,0x0000003a3bf00000] [id=16408]

Stack: [0x0000003a3be00000,0x0000003a3bf00000]
Native frames: (J=compiled Java code, j=interpreted, Vv=VM code, C=native code)
V  [jvm.dll+0x67a04a]
V  [jvm.dll+0x7da4ed]
V  [jvm.dll+0x7dbe33]
V  [jvm.dll+0x7dc4a3]
V  [jvm.dll+0x24508f]
V  [jvm.dll+0x677089]
V  [jvm.dll+0x66bd32]
V  [jvm.dll+0x301fa6]
V  [jvm.dll+0x309546]
V  [jvm.dll+0x359d2e]
V  [jvm.dll+0x359f5f]
V  [jvm.dll+0x2d9078]
V  [jvm.dll+0x2d74ad]
V  [jvm.dll+0x2d6afc]
V  [jvm.dll+0x31a65b]
V  [jvm.dll+0x7e0d9b]
V  [jvm.dll+0x7e1ad4]
V  [jvm.dll+0x7e1fed]
V  [jvm.dll+0x7e23c4]
V  [jvm.dll+0x7e2490]
V  [jvm.dll+0x78abea]
V  [jvm.dll+0x678f35]
C  [ucrtbase.dll+0x37b0]
C  [KERNEL32.DLL+0x2e957]
C  [ntdll.dll+0x427c]

VM_Operation (0x0000003a3dcf8950): G1CollectForAllocation, mode: safepoint, requested by thread 0x00000210d6978e50


---------------  P R O C E S S  ---------------

Threads class SMR info:
_java_thread_list=0x00000210d5756dc0, length=29, elements={
0x000002108f2f8dc0, 0x000002108f2fac90, 0x000002108f30df20, 0x000002108f30e8e0,
0x000002108f434aa0, 0x000002108f438870, 0x000002108f43c880, 0x000002108f478410,
0x000002108f4b83e0, 0x000002108f576c90, 0x000002108f58e790, 0x00000210d74e63e0,
0x00000210d710cb00, 0x00000210d710cfe0, 0x00000210d697a7a0, 0x00000210d697acb0,
0x00000210d6979d80, 0x00000210d6978940, 0x00000210d6978e50, 0x00000210d6979360,
0x00000210d6977f20, 0x00000210d697a290, 0x00000210d697b1c0, 0x00000210d6979870,
0x00000210d697b6d0, 0x00000210d6a32040, 0x00000210d6a352e0, 0x00000210d6a357f0,
0x000002108f77e8f0
}

Java Threads: ( => current thread )
  0x000002108f2f8dc0 JavaThread "Reference Handler" daemon [_thread_blocked, id=34724, stack(0x0000003a3bf00000,0x0000003a3c000000)]
  0x000002108f2fac90 JavaThread "Finalizer" daemon [_thread_blocked, id=33752, stack(0x0000003a3c000000,0x0000003a3c100000)]
  0x000002108f30df20 JavaThread "Signal Dispatcher" daemon [_thread_blocked, id=33584, stack(0x0000003a3c100000,0x0000003a3c200000)]
  0x000002108f30e8e0 JavaThread "Attach Listener" daemon [_thread_blocked, id=29672, stack(0x0000003a3c200000,0x0000003a3c300000)]
  0x000002108f434aa0 JavaThread "Service Thread" daemon [_thread_blocked, id=31428, stack(0x0000003a3c300000,0x0000003a3c400000)]
  0x000002108f438870 JavaThread "Monitor Deflation Thread" daemon [_thread_blocked, id=34180, stack(0x0000003a3c400000,0x0000003a3c500000)]
  0x000002108f43c880 JavaThread "C2 CompilerThread0" daemon [_thread_blocked, id=26092, stack(0x0000003a3c500000,0x0000003a3c600000)]
  0x000002108f478410 JavaThread "C1 CompilerThread0" daemon [_thread_blocked, id=17548, stack(0x0000003a3c600000,0x0000003a3c700000)]
  0x000002108f4b83e0 JavaThread "Sweeper thread" daemon [_thread_blocked, id=33216, stack(0x0000003a3c700000,0x0000003a3c800000)]
  0x000002108f576c90 JavaThread "Notification Thread" daemon [_thread_blocked, id=26240, stack(0x0000003a3c800000,0x0000003a3c900000)]
  0x000002108f58e790 JavaThread "Common-Cleaner" daemon [_thread_blocked, id=19572, stack(0x0000003a3ca00000,0x0000003a3cb00000)]
  0x00000210d74e63e0 JavaThread "Catalina-utility-1" [_thread_blocked, id=34404, stack(0x0000003a3d200000,0x0000003a3d300000)]
  0x00000210d710cb00 JavaThread "Catalina-utility-2" [_thread_blocked, id=19424, stack(0x0000003a3d500000,0x0000003a3d600000)]
  0x00000210d710cfe0 JavaThread "container-0" [_thread_blocked, id=23300, stack(0x0000003a3d600000,0x0000003a3d700000)]
  0x00000210d697a7a0 JavaThread "idle-connection-reaper" daemon [_thread_blocked, id=34072, stack(0x0000003a3d700000,0x0000003a3d800000)]
  0x00000210d697acb0 JavaThread "http-nio-8080-exec-1" daemon [_thread_blocked, id=25592, stack(0x0000003a3d900000,0x0000003a3da00000)]
  0x00000210d6979d80 JavaThread "http-nio-8080-exec-2" daemon [_thread_blocked, id=22828, stack(0x0000003a3da00000,0x0000003a3db00000)]
  0x00000210d6978940 JavaThread "http-nio-8080-exec-3" daemon [_thread_blocked, id=23908, stack(0x0000003a3db00000,0x0000003a3dc00000)]
  0x00000210d6978e50 JavaThread "http-nio-8080-exec-4" daemon [_thread_blocked, id=16496, stack(0x0000003a3dc00000,0x0000003a3dd00000)]
  0x00000210d6979360 JavaThread "http-nio-8080-exec-5" daemon [_thread_blocked, id=22732, stack(0x0000003a3dd00000,0x0000003a3de00000)]
  0x00000210d6977f20 JavaThread "http-nio-8080-exec-6" daemon [_thread_blocked, id=24052, stack(0x0000003a3de00000,0x0000003a3df00000)]
  0x00000210d697a290 JavaThread "http-nio-8080-exec-7" daemon [_thread_blocked, id=30232, stack(0x0000003a3df00000,0x0000003a3e000000)]
  0x00000210d697b1c0 JavaThread "http-nio-8080-exec-8" daemon [_thread_blocked, id=23964, stack(0x0000003a3e000000,0x0000003a3e100000)]
  0x00000210d6979870 JavaThread "http-nio-8080-exec-9" daemon [_thread_blocked, id=34220, stack(0x0000003a3e100000,0x0000003a3e200000)]
  0x00000210d697b6d0 JavaThread "http-nio-8080-exec-10" daemon [_thread_blocked, id=29064, stack(0x0000003a3e200000,0x0000003a3e300000)]
  0x00000210d6a32040 JavaThread "http-nio-8080-Poller" daemon [_thread_blocked, id=24636, stack(0x0000003a3e300000,0x0000003a3e400000)]
  0x00000210d6a352e0 JavaThread "http-nio-8080-Acceptor" daemon [_thread_in_native, id=19956, stack(0x0000003a3e400000,0x0000003a3e500000)]
  0x00000210d6a357f0 JavaThread "DestroyJavaVM" [_thread_blocked, id=33772, stack(0x0000003a3b800000,0x0000003a3b900000)]
  0x000002108f77e8f0 JavaThread "C2 CompilerThread1" daemon [_thread_blocked, id=1784, stack(0x0000003a3b600000,0x0000003a3b700000)]

Other Threads:
=>0x000002108f2f0ff0 VMThread "VM Thread" [stack: 0x0000003a3be00000,0x0000003a3bf00000] [id=16408]
  0x000002108f577170 WatcherThread [stack: 0x0000003a3c900000,0x0000003a3ca00000] [id=34760]
  0x00000210ec76bbf0 GCTaskThread "GC Thread#0" [stack: 0x0000003a3b900000,0x0000003a3ba00000] [id=4268]
  0x00000210d5a713f0 GCTaskThread "GC Thread#1" [stack: 0x0000003a3cc00000,0x0000003a3cd00000] [id=27916]
  0x00000210d5a716b0 GCTaskThread "GC Thread#2" [stack: 0x0000003a3cd00000,0x0000003a3ce00000] [id=14380]
  0x00000210d5a71970 GCTaskThread "GC Thread#3" [stack: 0x0000003a3ce00000,0x0000003a3cf00000] [id=7600]
  0x00000210d5a71c30 GCTaskThread "GC Thread#4" [stack: 0x0000003a3cf00000,0x0000003a3d000000] [id=28716]
  0x00000210d58320d0 GCTaskThread "GC Thread#5" [stack: 0x0000003a3d000000,0x0000003a3d100000] [id=8356]
  0x00000210d5d175e0 GCTaskThread "GC Thread#6" [stack: 0x0000003a3d300000,0x0000003a3d400000] [id=26956]
  0x00000210d5fccc10 GCTaskThread "GC Thread#7" [stack: 0x0000003a3d400000,0x0000003a3d500000] [id=27200]
  0x00000210ec77d4a0 ConcurrentGCThread "G1 Main Marker" [stack: 0x0000003a3ba00000,0x0000003a3bb00000] [id=22052]
  0x00000210ec77f500 ConcurrentGCThread "G1 Conc#0" [stack: 0x0000003a3bb00000,0x0000003a3bc00000] [id=33208]
  0x00000210d69d0280 ConcurrentGCThread "G1 Conc#1" [stack: 0x0000003a3d100000,0x0000003a3d200000] [id=25348]
  0x00000210ec7bec50 ConcurrentGCThread "G1 Refine#0" [stack: 0x0000003a3bc00000,0x0000003a3bd00000] [id=20780]
  0x000002108f1a9e10 ConcurrentGCThread "G1 Service" [stack: 0x0000003a3bd00000,0x0000003a3be00000] [id=31368]

Threads with active compile tasks:
C2 CompilerThread0    81515 4520       4       jdk.internal.loader.BuiltinClassLoader::defineClass (121 bytes)
C2 CompilerThread1    81515 4512  s    4       java.util.jar.JarFile::getInputStream (72 bytes)

VM state: at safepoint (normal execution)

VM Mutex/Monitor currently owned by a thread:  ([mutex/lock_event])
[0x00000210ec6f9250] Threads_lock - owner thread: 0x000002108f2f0ff0
[0x00000210ec6fa0f0] Heap_lock - owner thread: 0x00000210d6978e50

Heap address: 0x0000000703600000, size: 4042 MB, Compressed Oops mode: Zero based, Oop shift amount: 3

CDS archive(s) mapped at: [0x0000021090000000-0x0000021090bd0000-0x0000021090bd0000), size 12386304, SharedBaseAddress: 0x0000021090000000, ArchiveRelocationMode: 1.
Compressed class space mapped at: 0x0000021091000000-0x00000210d1000000, reserved size: 1073741824
Narrow klass base: 0x0000021090000000, Narrow klass shift: 0, Narrow klass range: 0x100000000

GC Precious Log:
 CPUs: 8 total, 8 available
 Memory: 16167M
 Large Page Support: Disabled
 NUMA Support: Disabled
 Compressed Oops: Enabled (Zero based)
 Heap Region Size: 2M
 Heap Min Capacity: 8M
 Heap Initial Capacity: 254M
 Heap Max Capacity: 4042M
 Pre-touch: Disabled
 Parallel Workers: 8
 Concurrent Workers: 2
 Concurrent Refinement Workers: 8
 Periodic GC: Disabled

Heap:
 garbage-first heap   total 55296K, used 21777K [0x0000000703600000, 0x0000000800000000)
  region size 2048K, 1 young (2048K), 1 survivors (2048K)
 Metaspace       used 46983K, committed 47488K, reserved 1114112K
  class space    used 5900K, committed 6144K, reserved 1048576K

Heap Regions: E=young(eden), S=young(survivor), O=old, HS=humongous(starts), HC=humongous(continues), CS=collection set, F=free, OA=open archive, CA=closed archive, TAMS=top-at-mark-start (previous, next)
|   0|0x0000000703600000, 0x0000000703800000, 0x0000000703800000|100%| O|  |TAMS 0x0000000703800000, 0x0000000703600000| Untracked 
|   1|0x0000000703800000, 0x0000000703a00000, 0x0000000703a00000|100%| O|  |TAMS 0x0000000703a00000, 0x0000000703800000| Untracked 
|   2|0x0000000703a00000, 0x0000000703c00000, 0x0000000703c00000|100%| O|  |TAMS 0x0000000703a00000, 0x0000000703a00000| Untracked 
|   3|0x0000000703c00000, 0x0000000703e00000, 0x0000000703e00000|100%| O|  |TAMS 0x0000000703e00000, 0x0000000703c00000| Untracked 
|   4|0x0000000703e00000, 0x0000000704000000, 0x0000000704000000|100%| O|  |TAMS 0x0000000704000000, 0x0000000703e00000| Untracked 
|   5|0x0000000704000000, 0x0000000704200000, 0x0000000704200000|100%| O|  |TAMS 0x0000000704200000, 0x0000000704000000| Untracked 
|   6|0x0000000704200000, 0x0000000704400000, 0x0000000704400000|100%| O|  |TAMS 0x0000000704400000, 0x0000000704200000| Untracked 
|   7|0x0000000704400000, 0x0000000704400000, 0x0000000704600000|  0%| F|  |TAMS 0x0000000704400000, 0x0000000704400000| Untracked 
|   8|0x0000000704600000, 0x0000000704800000, 0x0000000704800000|100%| O|  |TAMS 0x0000000704600000, 0x0000000704600000| Untracked 
|   9|0x0000000704800000, 0x0000000704a00000, 0x0000000704a00000|100%| O|  |TAMS 0x0000000704800000, 0x0000000704800000| Untracked 
|  10|0x0000000704a00000, 0x0000000704b8e400, 0x0000000704c00000| 77%| O|  |TAMS 0x0000000704a00000, 0x0000000704a00000| Untracked 
|  11|0x0000000704c00000, 0x0000000704c00000, 0x0000000704e00000|  0%| F|  |TAMS 0x0000000704c00000, 0x0000000704c00000| Untracked 
|  12|0x0000000704e00000, 0x0000000704e00000, 0x0000000705000000|  0%| F|  |TAMS 0x0000000704e00000, 0x0000000704e00000| Untracked 
|  13|0x0000000705000000, 0x0000000705000000, 0x0000000705200000|  0%| F|  |TAMS 0x0000000705000000, 0x0000000705000000| Untracked 
|  14|0x0000000705200000, 0x0000000705200000, 0x0000000705400000|  0%| F|  |TAMS 0x0000000705200000, 0x0000000705200000| Untracked 
|  15|0x0000000705400000, 0x0000000705400000, 0x0000000705600000|  0%| F|  |TAMS 0x0000000705400000, 0x0000000705400000| Untracked 
|  16|0x0000000705600000, 0x00000007057b6270, 0x0000000705800000| 85%| S|CS|TAMS 0x0000000705600000, 0x0000000705600000| Complete 
|  17|0x0000000705800000, 0x0000000705800000, 0x0000000705a00000|  0%| F|  |TAMS 0x0000000705800000, 0x0000000705800000| Untracked 
|  18|0x0000000705a00000, 0x0000000705a00000, 0x0000000705c00000|  0%| F|  |TAMS 0x0000000705a00000, 0x0000000705a00000| Untracked 
|  19|0x0000000705c00000, 0x0000000705c00000, 0x0000000705e00000|  0%| F|  |TAMS 0x0000000705c00000, 0x0000000705c00000| Untracked 
|  20|0x0000000705e00000, 0x0000000705e00000, 0x0000000706000000|  0%| F|  |TAMS 0x0000000705e00000, 0x0000000705e00000| Untracked 
|  21|0x0000000706000000, 0x0000000706000000, 0x0000000706200000|  0%| F|  |TAMS 0x0000000706000000, 0x0000000706000000| Untracked 
|  97|0x000000070f800000, 0x000000070f800000, 0x000000070fa00000|  0%| F|  |TAMS 0x000000070f800000, 0x000000070f800000| Untracked 
|  98|0x000000070fa00000, 0x000000070fa00000, 0x000000070fc00000|  0%| F|  |TAMS 0x000000070fa00000, 0x000000070fa00000| Untracked 
|  99|0x000000070fc00000, 0x000000070fc00000, 0x000000070fe00000|  0%| F|  |TAMS 0x000000070fc00000, 0x000000070fc00000| Untracked 
| 100|0x000000070fe00000, 0x000000070fe00000, 0x0000000710000000|  0%| F|  |TAMS 0x000000070fe00000, 0x000000070fe00000| Untracked 
| 126|0x0000000713200000, 0x0000000713200000, 0x0000000713400000|  0%| F|  |TAMS 0x0000000713200000, 0x0000000713200000| Untracked 

Card table byte_map: [0x00000210f49c0000,0x00000210f51b0000] _byte_map_base: 0x00000210f11a5000

Marking Bits (Prev, Next): (CMBitMap*) 0x00000210ec76c210, (CMBitMap*) 0x00000210ec76c250
 Prev Bits: [0x00000210f59a0000, 0x00000210f98c8000)
 Next Bits: [0x00000210f98d0000, 0x00000210fd7f8000)

Polling page: 0x00000210ea5a0000

Metaspace:

Usage:
  Non-class:     40.12 MB used.
      Class:      5.76 MB used.
       Both:     45.88 MB used.

Virtual space:
  Non-class space:       64.00 MB reserved,      40.38 MB ( 63%) committed,  1 nodes.
      Class space:        1.00 GB reserved,       6.00 MB ( <1%) committed,  1 nodes.
             Both:        1.06 GB reserved,      46.38 MB (  4%) committed. 

Chunk freelists:
   Non-Class:  7.56 MB
       Class:  9.95 MB
        Both:  17.52 MB

MaxMetaspaceSize: unlimited
CompressedClassSpaceSize: 1.00 GB
Initial GC threshold: 21.00 MB
Current GC threshold: 58.88 MB
CDS: on
MetaspaceReclaimPolicy: balanced
 - commit_granule_bytes: 65536.
 - commit_granule_words: 8192.
 - virtual_space_node_default_size: 8388608.
 - enlarge_chunks_in_place: 1.
 - new_chunks_are_fully_committed: 0.
 - uncommit_free_chunks: 1.
 - use_allocation_guard: 0.
 - handle_deallocations: 1.


Internal statistics:

num_allocs_failed_limit: 6.
num_arena_births: 662.
num_arena_deaths: 0.
num_vsnodes_births: 2.
num_vsnodes_deaths: 0.
num_space_committed: 742.
num_space_uncommitted: 0.
num_chunks_returned_to_freelist: 6.
num_chunks_taken_from_freelist: 2186.
num_chunk_merges: 6.
num_chunk_splits: 1537.
num_chunks_enlarged: 1166.
num_inconsistent_stats: 0.

CodeHeap 'non-profiled nmethods': size=120000Kb used=2719Kb max_used=2719Kb free=117280Kb
 bounds [0x0000021087ad0000, 0x0000021087d80000, 0x000002108f000000]
CodeHeap 'profiled nmethods': size=120000Kb used=9592Kb max_used=9592Kb free=110407Kb
 bounds [0x0000021080000000, 0x0000021080960000, 0x0000021087530000]
CodeHeap 'non-nmethods': size=5760Kb used=1290Kb max_used=1312Kb free=4469Kb
 bounds [0x0000021087530000, 0x00000210877a0000, 0x0000021087ad0000]
 total_blobs=5121 nmethods=4529 adapters=503
 compilation: enabled
              stopped_count=0, restarted_count=0
 full_count=0

Compilation events (20 events):
Event: 79.326 Thread 0x000002108f478410 4523       3       java.lang.Long::getChars (208 bytes)
Event: 79.327 Thread 0x000002108f478410 nmethod 4523 0x0000021080959990 code [0x0000021080959b80, 0x000002108095a198]
Event: 79.328 Thread 0x000002108f478410 4524       3       sun.reflect.generics.parser.SignatureParser::parseTypeArguments (109 bytes)
Event: 79.329 Thread 0x000002108f43c880 nmethod 4517 0x0000021087d76210 code [0x0000021087d763c0, 0x0000021087d76ee8]
Event: 79.331 Thread 0x000002108f43c880 4520       4       jdk.internal.loader.BuiltinClassLoader::defineClass (121 bytes)
Event: 79.332 Thread 0x000002108f478410 nmethod 4524 0x000002108095a510 code [0x000002108095a7c0, 0x000002108095b748]
Event: 79.361 Thread 0x000002108f478410 4526       3       java.lang.ClassLoader::getDefinedPackage (36 bytes)
Event: 79.362 Thread 0x000002108f478410 nmethod 4526 0x000002108095bc10 code [0x000002108095be00, 0x000002108095c408]
Event: 79.367 Thread 0x000002108f478410 4527       3       com.fasterxml.jackson.databind.AnnotationIntrospector::_findAnnotation (6 bytes)
Event: 79.367 Thread 0x000002108f478410 nmethod 4527 0x000002108095c610 code [0x000002108095c7c0, 0x000002108095c9a8]
Event: 79.367 Thread 0x000002108f478410 4528       3       com.fasterxml.jackson.databind.introspect.AnnotatedMember::getAnnotation (18 bytes)
Event: 79.368 Thread 0x000002108f478410 nmethod 4528 0x000002108095ca90 code [0x000002108095cc60, 0x000002108095d068]
Event: 79.385 Thread 0x000002108f478410 4531       1       com.fasterxml.jackson.databind.JavaType::getRawClass (5 bytes)
Event: 79.386 Thread 0x000002108f478410 nmethod 4531 0x0000021087d77690 code [0x0000021087d77820, 0x0000021087d778f8]
Event: 79.386 Thread 0x000002108f478410 4532       3       java.lang.Class::privateGetDeclaredFields (64 bytes)
Event: 79.387 Thread 0x000002108f478410 nmethod 4532 0x000002108095d190 code [0x000002108095d3c0, 0x000002108095dbd8]
Event: 79.388 Thread 0x000002108f478410 4533       1       org.springframework.util.MimeType::getType (5 bytes)
Event: 79.388 Thread 0x000002108f478410 nmethod 4533 0x0000021087d77990 code [0x0000021087d77b20, 0x0000021087d77bf8]
Event: 79.397 Thread 0x000002108f478410 4534       3       java.io.StringReader::ensureOpen (18 bytes)
Event: 79.398 Thread 0x000002108f478410 nmethod 4534 0x000002108095de10 code [0x000002108095dfc0, 0x000002108095e1c8]

GC Heap History (19 events):
Event: 0.904 GC heap before
{Heap before GC invocations=0 (full 0):
 garbage-first heap   total 260096K, used 22528K [0x0000000703600000, 0x0000000800000000)
  region size 2048K, 11 young (22528K), 0 survivors (0K)
 Metaspace       used 6050K, committed 6208K, reserved 1114112K
  class space    used 724K, committed 768K, reserved 1048576K
}
Event: 0.908 GC heap after
{Heap after GC invocations=1 (full 0):
 garbage-first heap   total 260096K, used 5409K [0x0000000703600000, 0x0000000800000000)
  region size 2048K, 2 young (4096K), 2 survivors (4096K)
 Metaspace       used 6050K, committed 6208K, reserved 1114112K
  class space    used 724K, committed 768K, reserved 1048576K
}
Event: 1.443 GC heap before
{Heap before GC invocations=1 (full 0):
 garbage-first heap   total 260096K, used 32033K [0x0000000703600000, 0x0000000800000000)
  region size 2048K, 15 young (30720K), 2 survivors (4096K)
 Metaspace       used 12623K, committed 12864K, reserved 1114112K
  class space    used 1533K, committed 1600K, reserved 1048576K
}
Event: 1.471 GC heap after
{Heap after GC invocations=2 (full 0):
 garbage-first heap   total 260096K, used 7858K [0x0000000703600000, 0x0000000800000000)
  region size 2048K, 2 young (4096K), 2 survivors (4096K)
 Metaspace       used 12623K, committed 12864K, reserved 1114112K
  class space    used 1533K, committed 1600K, reserved 1048576K
}
Event: 3.301 GC heap before
{Heap before GC invocations=2 (full 0):
 garbage-first heap   total 260096K, used 54962K [0x0000000703600000, 0x0000000800000000)
  region size 2048K, 26 young (53248K), 2 survivors (4096K)
 Metaspace       used 21113K, committed 21504K, reserved 1114112K
  class space    used 2611K, committed 2816K, reserved 1048576K
}
Event: 3.307 GC heap after
{Heap after GC invocations=3 (full 0):
 garbage-first heap   total 260096K, used 11891K [0x0000000703600000, 0x0000000800000000)
  region size 2048K, 4 young (8192K), 4 survivors (8192K)
 Metaspace       used 21113K, committed 21504K, reserved 1114112K
  class space    used 2611K, committed 2816K, reserved 1048576K
}
Event: 4.586 GC heap before
{Heap before GC invocations=4 (full 0):
 garbage-first heap   total 55296K, used 36467K [0x0000000703600000, 0x0000000800000000)
  region size 2048K, 16 young (32768K), 4 survivors (8192K)
 Metaspace       used 26298K, committed 26752K, reserved 1114112K
  class space    used 3326K, committed 3520K, reserved 1048576K
}
Event: 4.593 GC heap after
{Heap after GC invocations=5 (full 0):
 garbage-first heap   total 55296K, used 14217K [0x0000000703600000, 0x0000000800000000)
  region size 2048K, 2 young (4096K), 2 survivors (4096K)
 Metaspace       used 26298K, committed 26752K, reserved 1114112K
  class space    used 3326K, committed 3520K, reserved 1048576K
}
Event: 4.651 GC heap before
{Heap before GC invocations=5 (full 0):
 garbage-first heap   total 55296K, used 16265K [0x0000000703600000, 0x0000000800000000)
  region size 2048K, 3 young (6144K), 2 survivors (4096K)
 Metaspace       used 26618K, committed 27072K, reserved 1114112K
  class space    used 3362K, committed 3584K, reserved 1048576K
}
Event: 4.654 GC heap after
{Heap after GC invocations=6 (full 0):
 garbage-first heap   total 55296K, used 14557K [0x0000000703600000, 0x0000000800000000)
  region size 2048K, 1 young (2048K), 1 survivors (2048K)
 Metaspace       used 26618K, committed 27072K, reserved 1114112K
  class space    used 3362K, committed 3584K, reserved 1048576K
}
Event: 5.281 GC heap before
{Heap before GC invocations=6 (full 0):
 garbage-first heap   total 55296K, used 35037K [0x0000000703600000, 0x0000000800000000)
  region size 2048K, 12 young (24576K), 1 survivors (2048K)
 Metaspace       used 31313K, committed 31744K, reserved 1114112K
  class space    used 3922K, committed 4160K, reserved 1048576K
}
Event: 5.283 GC heap after
{Heap after GC invocations=7 (full 0):
 garbage-first heap   total 55296K, used 17663K [0x0000000703600000, 0x0000000800000000)
  region size 2048K, 2 young (4096K), 2 survivors (4096K)
 Metaspace       used 31313K, committed 31744K, reserved 1114112K
  class space    used 3922K, committed 4160K, reserved 1048576K
}
Event: 5.854 GC heap before
{Heap before GC invocations=7 (full 0):
 garbage-first heap   total 55296K, used 34047K [0x0000000703600000, 0x0000000800000000)
  region size 2048K, 12 young (24576K), 2 survivors (4096K)
 Metaspace       used 35649K, committed 36096K, reserved 1114112K
  class space    used 4367K, committed 4608K, reserved 1048576K
}
Event: 5.857 GC heap after
{Heap after GC invocations=8 (full 0):
 garbage-first heap   total 55296K, used 19219K [0x0000000703600000, 0x0000000800000000)
  region size 2048K, 1 young (2048K), 1 survivors (2048K)
 Metaspace       used 35649K, committed 36096K, reserved 1114112K
  class space    used 4367K, committed 4608K, reserved 1048576K
}
Event: 77.569 GC heap before
{Heap before GC invocations=9 (full 0):
 garbage-first heap   total 55296K, used 37651K [0x0000000703600000, 0x0000000800000000)
  region size 2048K, 10 young (20480K), 1 survivors (2048K)
 Metaspace       used 39100K, committed 39616K, reserved 1114112K
  class space    used 4825K, committed 5056K, reserved 1048576K
}
Event: 77.575 GC heap after
{Heap after GC invocations=10 (full 0):
 garbage-first heap   total 55296K, used 20763K [0x0000000703600000, 0x0000000800000000)
  region size 2048K, 2 young (4096K), 2 survivors (4096K)
 Metaspace       used 39100K, committed 39616K, reserved 1114112K
  class space    used 4825K, committed 5056K, reserved 1048576K
}
Event: 77.647 GC heap before
{Heap before GC invocations=10 (full 0):
 garbage-first heap   total 55296K, used 22811K [0x0000000703600000, 0x0000000800000000)
  region size 2048K, 3 young (6144K), 2 survivors (4096K)
 Metaspace       used 39506K, committed 40000K, reserved 1114112K
  class space    used 4895K, committed 5120K, reserved 1048576K
}
Event: 77.653 GC heap after
{Heap after GC invocations=11 (full 0):
 garbage-first heap   total 55296K, used 20583K [0x0000000703600000, 0x0000000800000000)
  region size 2048K, 1 young (2048K), 1 survivors (2048K)
 Metaspace       used 39506K, committed 40000K, reserved 1114112K
  class space    used 4895K, committed 5120K, reserved 1048576K
}
Event: 79.411 GC heap before
{Heap before GC invocations=11 (full 0):
 garbage-first heap   total 55296K, used 36967K [0x0000000703600000, 0x0000000800000000)
  region size 2048K, 10 young (20480K), 1 survivors (2048K)
 Metaspace       used 46983K, committed 47488K, reserved 1114112K
  class space    used 5900K, committed 6144K, reserved 1048576K
}

Deoptimization events (20 events):
Event: 79.004 Thread 0x00000210d6978e50 DEOPT PACKING pc=0x0000021087ba2af0 sp=0x0000003a3dcf9760
Event: 79.004 Thread 0x00000210d6978e50 DEOPT UNPACKING pc=0x0000021087585ba3 sp=0x0000003a3dcf9708 mode 2
Event: 79.006 Thread 0x00000210d6978e50 Uncommon trap: trap_request=0xffffff45 fr.pc=0x0000021087c88b34 relative=0x00000000000012f4
Event: 79.006 Thread 0x00000210d6978e50 Uncommon trap: reason=unstable_if action=reinterpret pc=0x0000021087c88b34 method=java.util.concurrent.ConcurrentHashMap.computeIfAbsent(Ljava/lang/Object;Ljava/util/function/Function;)Ljava/lang/Object; @ 279 c2
Event: 79.006 Thread 0x00000210d6978e50 DEOPT PACKING pc=0x0000021087c88b34 sp=0x0000003a3dcfa2d0
Event: 79.006 Thread 0x00000210d6978e50 DEOPT UNPACKING pc=0x0000021087585ba3 sp=0x0000003a3dcfa258 mode 2
Event: 79.034 Thread 0x00000210d6978940 Uncommon trap: trap_request=0xffffff6e fr.pc=0x0000021087d6cff4 relative=0x0000000000000274
Event: 79.034 Thread 0x00000210d6978e50 Uncommon trap: trap_request=0xffffff6e fr.pc=0x0000021087d6cff4 relative=0x0000000000000274
Event: 79.034 Thread 0x00000210d6978940 Uncommon trap: reason=loop_limit_check action=maybe_recompile pc=0x0000021087d6cff4 method=java.math.BigInteger.implMulAdd([I[IIII)I @ 26 c2
Event: 79.034 Thread 0x00000210d6978e50 Uncommon trap: reason=loop_limit_check action=maybe_recompile pc=0x0000021087d6cff4 method=java.math.BigInteger.implMulAdd([I[IIII)I @ 26 c2
Event: 79.034 Thread 0x00000210d6978940 DEOPT PACKING pc=0x0000021087d6cff4 sp=0x0000003a3dbf9e30
Event: 79.034 Thread 0x00000210d6978e50 DEOPT PACKING pc=0x0000021087d6cff4 sp=0x0000003a3dcf9c00
Event: 79.034 Thread 0x00000210d6978940 DEOPT UNPACKING pc=0x0000021087585ba3 sp=0x0000003a3dbf9d80 mode 2
Event: 79.034 Thread 0x00000210d6978e50 DEOPT UNPACKING pc=0x0000021087585ba3 sp=0x0000003a3dcf9b50 mode 2
Event: 79.037 Thread 0x00000210d6978940 Uncommon trap: trap_request=0xffffff45 fr.pc=0x0000021087cd4e28 relative=0x00000000000000a8
Event: 79.037 Thread 0x00000210d6978940 Uncommon trap: reason=unstable_if action=reinterpret pc=0x0000021087cd4e28 method=java.util.EnumSet.typeCheck(Ljava/lang/Enum;)V @ 10 c2
Event: 79.037 Thread 0x00000210d6978940 DEOPT PACKING pc=0x0000021087cd4e28 sp=0x0000003a3dbf9e10
Event: 79.037 Thread 0x00000210d6978940 DEOPT UNPACKING pc=0x0000021087585ba3 sp=0x0000003a3dbf9d28 mode 2
Event: 79.185 Thread 0x00000210d6978940 DEOPT PACKING pc=0x0000021080917a71 sp=0x0000003a3dbfa890
Event: 79.185 Thread 0x00000210d6978940 DEOPT UNPACKING pc=0x00000210875866e3 sp=0x0000003a3dbf9cc0 mode 0

Classes unloaded (0 events):
No events

Classes redefined (0 events):
No events

Internal exceptions (20 events):
Event: 5.662 Thread 0x00000210ec6fd0a0 Exception <a 'java/lang/NoSuchMethodError'{0x0000000705f4b5b8}: 'void java.lang.invoke.DirectMethodHandle$Holder.invokeStaticInit(java.lang.Object, java.lang.Object, java.lang.Object, java.lang.Object, java.lang.Object)'> (0x0000000705f4b5b8) 
thrown [s\open\src\hotspot\share\interpreter\linkResolver.cpp, line 759]
Event: 5.932 Thread 0x00000210ec6fd0a0 Exception <a 'sun/nio/fs/WindowsException'{0x00000007133bd158}> (0x00000007133bd158) 
thrown [s\open\src\hotspot\share\prims\jni.cpp, line 516]
Event: 5.972 Thread 0x00000210ec6fd0a0 Exception <a 'java/lang/IncompatibleClassChangeError'{0x000000070ff56698}: Found class java.lang.Object, but interface was expected> (0x000000070ff56698) 
thrown [s\open\src\hotspot\share\interpreter\linkResolver.cpp, line 826]
Event: 6.021 Thread 0x00000210ec6fd0a0 Exception <a 'java/lang/NoSuchMethodError'{0x000000070fc905b0}: 'void java.lang.invoke.DirectMethodHandle$Holder.invokeVirtual(java.lang.Object, java.lang.Object, long)'> (0x000000070fc905b0) 
thrown [s\open\src\hotspot\share\interpreter\linkResolver.cpp, line 759]
Event: 6.202 Thread 0x00000210ec6fd0a0 Exception <a 'java/lang/NoSuchMethodError'{0x000000070f9a57c0}: 'java.lang.Object java.lang.invoke.DirectMethodHandle$Holder.newInvokeSpecial(java.lang.Object, java.lang.Object, int, java.lang.Object, java.lang.Object)'> (0x000000070f9a57c0) 
thrown [s\open\src\hotspot\share\interpreter\linkResolver.cpp, line 759]
Event: 6.204 Thread 0x00000210ec6fd0a0 Exception <a 'java/lang/NoSuchMethodError'{0x000000070f9b0e38}: 'java.lang.Object java.lang.invoke.DirectMethodHandle$Holder.invokeSpecial(java.lang.Object, java.lang.Object, int, java.lang.Object, int, java.lang.Object)'> (0x000000070f9b0e38) 
thrown [s\open\src\hotspot\share\interpreter\linkResolver.cpp, line 759]
Event: 6.205 Thread 0x00000210ec6fd0a0 Exception <a 'java/lang/NoSuchMethodError'{0x000000070f9b8e90}: 'java.lang.Object java.lang.invoke.DirectMethodHandle$Holder.newInvokeSpecial(java.lang.Object, java.lang.Object, int, java.lang.Object, int)'> (0x000000070f9b8e90) 
thrown [s\open\src\hotspot\share\interpreter\linkResolver.cpp, line 759]
Event: 6.206 Thread 0x00000210ec6fd0a0 Exception <a 'java/lang/NoSuchMethodError'{0x000000070f9bcf90}: 'java.lang.Object java.lang.invoke.DirectMethodHandle$Holder.invokeSpecial(java.lang.Object, java.lang.Object, java.lang.Object, int, java.lang.Object, int)'> (0x000000070f9bcf90) 
thrown [s\open\src\hotspot\share\interpreter\linkResolver.cpp, line 759]
Event: 77.388 Thread 0x00000210d6978e50 Exception <a 'java/lang/NoSuchMethodError'{0x0000000705ca8b90}: 'java.lang.Object java.lang.invoke.DirectMethodHandle$Holder.invokeSpecial(java.lang.Object, java.lang.Object, java.lang.Object, java.lang.Object, java.lang.Object, long)'> (0x0000000705ca8b90) 
thrown [s\open\src\hotspot\share\interpreter\linkResolver.cpp, line 759]
Event: 77.389 Thread 0x00000210d6978e50 Exception <a 'java/lang/NoSuchMethodError'{0x0000000705cac5d0}: 'java.lang.Object java.lang.invoke.Invokers$Holder.linkToTargetMethod(java.lang.Object, java.lang.Object, java.lang.Object, long, java.lang.Object)'> (0x0000000705cac5d0) 
thrown [s\open\src\hotspot\share\interpreter\linkResolver.cpp, line 759]
Event: 77.593 Thread 0x00000210d6978e50 Exception <a 'java/lang/NoSuchMethodError'{0x0000000713253348}: 'void java.lang.invoke.DirectMethodHandle$Holder.invokeStaticInit(java.lang.Object, java.lang.Object, java.lang.Object, java.lang.Object)'> (0x0000000713253348) 
thrown [s\open\src\hotspot\share\interpreter\linkResolver.cpp, line 759]
Event: 77.593 Thread 0x00000210d6978940 Exception <a 'java/lang/NoSuchMethodError'{0x0000000713253ad8}: 'void java.lang.invoke.DirectMethodHandle$Holder.invokeStaticInit(java.lang.Object, java.lang.Object, java.lang.Object, java.lang.Object)'> (0x0000000713253ad8) 
thrown [s\open\src\hotspot\share\interpreter\linkResolver.cpp, line 759]
Event: 77.694 Thread 0x00000210d6978940 Exception <a 'java/lang/NoSuchMethodError'{0x00000007132f9878}: 'java.lang.Object java.lang.invoke.DirectMethodHandle$Holder.invokeInterface(java.lang.Object, java.lang.Object, java.lang.Object, java.lang.Object)'> (0x00000007132f9878) 
thrown [s\open\src\hotspot\share\interpreter\linkResolver.cpp, line 759]
Event: 77.694 Thread 0x00000210d6978e50 Exception <a 'java/lang/NoSuchMethodError'{0x0000000713306bd8}: 'java.lang.Object java.lang.invoke.DirectMethodHandle$Holder.invokeInterface(java.lang.Object, java.lang.Object, java.lang.Object, java.lang.Object)'> (0x0000000713306bd8) 
thrown [s\open\src\hotspot\share\interpreter\linkResolver.cpp, line 759]
Event: 77.699 Thread 0x00000210d6978940 Exception <a 'java/lang/NoSuchMethodError'{0x000000071333d310}: 'java.lang.Object java.lang.invoke.DirectMethodHandle$Holder.newInvokeSpecial(java.lang.Object, long, java.lang.Object, java.lang.Object)'> (0x000000071333d310) 
thrown [s\open\src\hotspot\share\interpreter\linkResolver.cpp, line 759]
Event: 77.700 Thread 0x00000210d6978e50 Exception <a 'java/lang/NoSuchMethodError'{0x000000071331a2c0}: 'java.lang.Object java.lang.invoke.DirectMethodHandle$Holder.newInvokeSpecial(java.lang.Object, long, java.lang.Object, java.lang.Object)'> (0x000000071331a2c0) 
thrown [s\open\src\hotspot\share\interpreter\linkResolver.cpp, line 759]
Event: 77.701 Thread 0x00000210d6978e50 Exception <a 'java/lang/NoSuchMethodError'{0x0000000713341a00}: 'java.lang.Object java.lang.invoke.DirectMethodHandle$Holder.invokeSpecial(java.lang.Object, java.lang.Object, long, java.lang.Object, java.lang.Object)'> (0x0000000713341a00) 
thrown [s\open\src\hotspot\share\interpreter\linkResolver.cpp, line 759]
Event: 77.701 Thread 0x00000210d6978940 Exception <a 'java/lang/NoSuchMethodError'{0x00000007133635e0}: 'java.lang.Object java.lang.invoke.DirectMethodHandle$Holder.invokeSpecial(java.lang.Object, java.lang.Object, long, java.lang.Object, java.lang.Object)'> (0x00000007133635e0) 
thrown [s\open\src\hotspot\share\interpreter\linkResolver.cpp, line 759]
Event: 77.979 Thread 0x00000210d6978940 Exception <a 'java/lang/NoSuchMethodError'{0x000000070f9e2f10}: 'java.lang.Object java.lang.invoke.DirectMethodHandle$Holder.newInvokeSpecial(java.lang.Object, java.lang.Object, int, int)'> (0x000000070f9e2f10) 
thrown [s\open\src\hotspot\share\interpreter\linkResolver.cpp, line 759]
Event: 77.979 Thread 0x00000210d6978e50 Exception <a 'java/lang/NoSuchMethodError'{0x000000070f9f9130}: 'java.lang.Object java.lang.invoke.DirectMethodHandle$Holder.newInvokeSpecial(java.lang.Object, java.lang.Object, int, int)'> (0x000000070f9f9130) 
thrown [s\open\src\hotspot\share\interpreter\linkResolver.cpp, line 759]

VM Operations (20 events):
Event: 77.576 Executing VM operation: G1CollectForAllocation done
Event: 77.582 Executing VM operation: HandshakeAllThreads
Event: 77.582 Executing VM operation: HandshakeAllThreads done
Event: 77.647 Executing VM operation: G1CollectForAllocation
Event: 77.653 Executing VM operation: G1CollectForAllocation done
Event: 77.923 Executing VM operation: HandshakeAllThreads
Event: 77.924 Executing VM operation: HandshakeAllThreads done
Event: 77.955 Executing VM operation: HandshakeAllThreads
Event: 77.955 Executing VM operation: HandshakeAllThreads done
Event: 78.080 Executing VM operation: HandshakeAllThreads
Event: 78.080 Executing VM operation: HandshakeAllThreads done
Event: 78.080 Executing VM operation: HandshakeAllThreads
Event: 78.080 Executing VM operation: HandshakeAllThreads done
Event: 79.090 Executing VM operation: Cleanup
Event: 79.090 Executing VM operation: Cleanup done
Event: 79.243 Executing VM operation: HandshakeAllThreads
Event: 79.243 Executing VM operation: HandshakeAllThreads done
Event: 79.274 Executing VM operation: HandshakeAllThreads
Event: 79.275 Executing VM operation: HandshakeAllThreads done
Event: 79.411 Executing VM operation: G1CollectForAllocation

Events (20 events):
Event: 79.303 loading class javax/xml/stream/events/Characters
Event: 79.303 loading class javax/xml/stream/events/Characters done
Event: 79.303 loading class com/sun/xml/internal/stream/events/CharacterEvent done
Event: 79.303 loading class java/util/stream/DoubleStream done
Event: 79.304 loading class com/sun/xml/internal/stream/events/EndElementEvent
Event: 79.304 loading class javax/xml/stream/events/EndElement
Event: 79.305 loading class javax/xml/stream/events/EndElement done
Event: 79.305 loading class com/sun/xml/internal/stream/events/EndElementEvent done
Event: 79.316 loading class java/text/ParsePosition
Event: 79.316 loading class java/text/ParsePosition done
Event: 79.316 loading class java/time/format/DateTimeParseContext
Event: 79.317 loading class java/time/format/DateTimeParseContext done
Event: 79.317 loading class java/time/format/Parsed
Event: 79.318 loading class java/time/format/Parsed done
Event: 79.348 loading class org/w3c/dom/Node
Event: 79.349 loading class org/w3c/dom/Node done
Event: 79.349 loading class org/w3c/dom/Document
Event: 79.350 loading class org/w3c/dom/Document done
Event: 79.388 loading class java/util/AbstractMap$SimpleEntry
Event: 79.389 loading class java/util/AbstractMap$SimpleEntry done


Dynamic libraries:
0x00007ff78eaf0000 - 0x00007ff78eb00000 	C:\Program Files\Java\jdk-17\bin\javaw.exe
0x00007ff86db20000 - 0x00007ff86dd87000 	C:\WINDOWS\SYSTEM32\ntdll.dll
0x00007ff86d510000 - 0x00007ff86d5d9000 	C:\WINDOWS\System32\KERNEL32.DLL
0x00007ff86a8a0000 - 0x00007ff86ac97000 	C:\WINDOWS\System32\KERNELBASE.dll
0x00007ff86a6c0000 - 0x00007ff86a80b000 	C:\WINDOWS\System32\ucrtbase.dll
0x00007ff823b70000 - 0x00007ff823b89000 	C:\Program Files\Java\jdk-17\bin\jli.dll
0x00007ff86da10000 - 0x00007ff86dac6000 	C:\WINDOWS\System32\ADVAPI32.dll
0x00007ff86ce90000 - 0x00007ff86cf39000 	C:\WINDOWS\System32\msvcrt.dll
0x00007ff86bdc0000 - 0x00007ff86be67000 	C:\WINDOWS\System32\sechost.dll
0x00007ff86d8f0000 - 0x00007ff86da08000 	C:\WINDOWS\System32\RPCRT4.dll
0x00007ff86be70000 - 0x00007ff86c036000 	C:\WINDOWS\System32\USER32.dll
0x00007ff86aca0000 - 0x00007ff86acc7000 	C:\WINDOWS\System32\win32u.dll
0x00007ff86bd00000 - 0x00007ff86bd2b000 	C:\WINDOWS\System32\GDI32.dll
0x00007ff86b5f0000 - 0x00007ff86b71c000 	C:\WINDOWS\System32\gdi32full.dll
0x00007ff86acd0000 - 0x00007ff86ad73000 	C:\WINDOWS\System32\msvcp_win.dll
0x00007ff8238c0000 - 0x00007ff8238db000 	C:\Program Files\Java\jdk-17\bin\VCRUNTIME140.dll
0x00007ff869750000 - 0x00007ff8699e2000 	C:\WINDOWS\WinSxS\amd64_microsoft.windows.common-controls_6595b64144ccf1df_6.0.26100.8457_none_3e0b2faee331e92d\COMCTL32.dll
0x00007ff8633f0000 - 0x00007ff8633fb000 	C:\WINDOWS\SYSTEM32\VERSION.dll
0x00007ff86d120000 - 0x00007ff86d152000 	C:\WINDOWS\System32\IMM32.DLL
0x00007ff838c40000 - 0x00007ff838c4c000 	C:\Program Files\Java\jdk-17\bin\vcruntime140_1.dll
0x00007ff8019d0000 - 0x00007ff801a5e000 	C:\Program Files\Java\jdk-17\bin\msvcp140.dll
0x00007fffd56a0000 - 0x00007fffd6280000 	C:\Program Files\Java\jdk-17\bin\server\jvm.dll
0x00007ff86d780000 - 0x00007ff86d788000 	C:\WINDOWS\System32\PSAPI.DLL
0x00007ff84f640000 - 0x00007ff84f64a000 	C:\WINDOWS\SYSTEM32\WSOCK32.dll
0x00007ff86bd30000 - 0x00007ff86bdb0000 	C:\WINDOWS\System32\WS2_32.dll
0x00007ff859dc0000 - 0x00007ff859df6000 	C:\WINDOWS\SYSTEM32\WINMM.dll
0x00007ff868990000 - 0x00007ff8689ab000 	C:\WINDOWS\SYSTEM32\kernel.appcore.dll
0x00007ff834830000 - 0x00007ff83483a000 	C:\Program Files\Java\jdk-17\bin\jimage.dll
0x00007ff869d20000 - 0x00007ff869f62000 	C:\WINDOWS\SYSTEM32\DBGHELP.DLL
0x00007ff86b950000 - 0x00007ff86bcd3000 	C:\WINDOWS\System32\combase.dll
0x00007ff86d160000 - 0x00007ff86d239000 	C:\WINDOWS\System32\OLEAUT32.dll
0x00007ff869bf0000 - 0x00007ff869c2b000 	C:\WINDOWS\SYSTEM32\dbgcore.DLL
0x00007ff86a610000 - 0x00007ff86a6b8000 	C:\WINDOWS\System32\bcryptPrimitives.dll
0x00007ff817480000 - 0x00007ff8174a5000 	C:\Program Files\Java\jdk-17\bin\java.dll
0x00007ff801470000 - 0x00007ff801547000 	C:\Program Files\Java\jdk-17\bin\jsvml.dll
0x00007ff86c650000 - 0x00007ff86cdbe000 	C:\WINDOWS\System32\SHELL32.dll
0x00007ff86ad80000 - 0x00007ff86b5ec000 	C:\WINDOWS\System32\windows.storage.dll
0x00007ff86d240000 - 0x00007ff86d336000 	C:\WINDOWS\System32\SHCORE.dll
0x00007ff86ce20000 - 0x00007ff86ce86000 	C:\WINDOWS\System32\shlwapi.dll
0x00007ff86a470000 - 0x00007ff86a499000 	C:\WINDOWS\SYSTEM32\profapi.dll
0x00007ff8228a0000 - 0x00007ff8228b9000 	C:\Program Files\Java\jdk-17\bin\net.dll
0x00007ff8632b0000 - 0x00007ff8633d9000 	C:\WINDOWS\SYSTEM32\WINHTTP.dll
0x00007ff868ee0000 - 0x00007ff868f4c000 	C:\WINDOWS\system32\mswsock.dll
0x00007ff81d290000 - 0x00007ff81d2a6000 	C:\Program Files\Java\jdk-17\bin\nio.dll
0x00007ff81b800000 - 0x00007ff81b818000 	C:\Program Files\Java\jdk-17\bin\zip.dll
0x00007ff833e50000 - 0x00007ff833e60000 	C:\Program Files\Java\jdk-17\bin\verify.dll
0x00007ff833c00000 - 0x00007ff833c0e000 	C:\Program Files\Java\jdk-17\bin\sunmscapi.dll
0x00007ff86b720000 - 0x00007ff86b898000 	C:\WINDOWS\System32\CRYPT32.dll
0x00007ff869610000 - 0x00007ff869640000 	C:\WINDOWS\SYSTEM32\ncrypt.dll
0x00007ff8695c0000 - 0x00007ff8695ff000 	C:\WINDOWS\SYSTEM32\NTASN1.dll
0x00007ff86a070000 - 0x00007ff86a08b000 	C:\WINDOWS\SYSTEM32\CRYPTSP.dll
0x00007ff869020000 - 0x00007ff869059000 	C:\WINDOWS\system32\rsaenh.dll
0x00007ff868f90000 - 0x00007ff868fc3000 	C:\WINDOWS\SYSTEM32\USERENV.dll
0x00007ff86a440000 - 0x00007ff86a46a000 	C:\WINDOWS\SYSTEM32\bcrypt.dll
0x00007ff869200000 - 0x00007ff86920c000 	C:\WINDOWS\SYSTEM32\CRYPTBASE.dll
0x00007ff8683c0000 - 0x00007ff8683f2000 	C:\WINDOWS\SYSTEM32\IPHLPAPI.DLL
0x00007ff86b940000 - 0x00007ff86b94a000 	C:\WINDOWS\System32\NSI.dll
0x00007ff863f00000 - 0x00007ff863f1d000 	C:\WINDOWS\SYSTEM32\dhcpcsvc6.DLL
0x00007ff863ed0000 - 0x00007ff863ef5000 	C:\WINDOWS\SYSTEM32\dhcpcsvc.DLL
0x00007ff868460000 - 0x00007ff868592000 	C:\WINDOWS\SYSTEM32\DNSAPI.dll
0x00007ff854ba0000 - 0x00007ff854baa000 	C:\Program Files\Java\jdk-17\bin\management.dll
0x00007ff8547a0000 - 0x00007ff8547ab000 	C:\Program Files\Java\jdk-17\bin\management_ext.dll
0x00007ff863ab0000 - 0x00007ff863ab8000 	C:\WINDOWS\system32\wshunix.dll
0x00007ff863260000 - 0x00007ff86326b000 	C:\Windows\System32\rasadhlp.dll
0x00007ff8645f0000 - 0x00007ff864676000 	C:\WINDOWS\System32\fwpuclnt.dll

dbghelp: loaded successfully - version: 4.0.5 - missing functions: none
symbol engine: initialized successfully - sym options: 0x614 - pdb path: .;C:\Program Files\Java\jdk-17\bin;C:\WINDOWS\SYSTEM32;C:\WINDOWS\WinSxS\amd64_microsoft.windows.common-controls_6595b64144ccf1df_6.0.26100.8457_none_3e0b2faee331e92d;C:\Program Files\Java\jdk-17\bin\server

VM Arguments:
jvm_args: -Dfile.encoding=UTF-8 -Dstdout.encoding=UTF-8 -Dstderr.encoding=UTF-8 -XX:+ShowCodeDetailsInExceptionMessages 
java_command: com.kyc.liveness.LivenessApplication
java_class_path (initial): D:\POC_FE\Active_Liveness_check\springboot-backend\target\classes;C:\Users\vaish\.m2\repository\org\springframework\boot\spring-boot-starter-web\3.2.5\spring-boot-starter-web-3.2.5.jar;C:\Users\vaish\.m2\repository\org\springframework\boot\spring-boot-starter\3.2.5\spring-boot-starter-3.2.5.jar;C:\Users\vaish\.m2\repository\org\springframework\boot\spring-boot\3.2.5\spring-boot-3.2.5.jar;C:\Users\vaish\.m2\repository\org\springframework\boot\spring-boot-autoconfigure\3.2.5\spring-boot-autoconfigure-3.2.5.jar;C:\Users\vaish\.m2\repository\org\springframework\boot\spring-boot-starter-logging\3.2.5\spring-boot-starter-logging-3.2.5.jar;C:\Users\vaish\.m2\repository\ch\qos\logback\logback-classic\1.4.14\logback-classic-1.4.14.jar;C:\Users\vaish\.m2\repository\ch\qos\logback\logback-core\1.4.14\logback-core-1.4.14.jar;C:\Users\vaish\.m2\repository\org\apache\logging\log4j\log4j-to-slf4j\2.21.1\log4j-to-slf4j-2.21.1.jar;C:\Users\vaish\.m2\repository\org\apache\logging\log4j\log4j-api\2.21.1\log4j-api-2.21.1.jar;C:\Users\vaish\.m2\repository\org\slf4j\jul-to-slf4j\2.0.13\jul-to-slf4j-2.0.13.jar;C:\Users\vaish\.m2\repository\jakarta\annotation\jakarta.annotation-api\2.1.1\jakarta.annotation-api-2.1.1.jar;C:\Users\vaish\.m2\repository\org\yaml\snakeyaml\2.2\snakeyaml-2.2.jar;C:\Users\vaish\.m2\repository\org\springframework\boot\spring-boot-starter-json\3.2.5\spring-boot-starter-json-3.2.5.jar;C:\Users\vaish\.m2\repository\com\fasterxml\jackson\core\jackson-databind\2.15.4\jackson-databind-2.15.4.jar;C:\Users\vaish\.m2\repository\com\fasterxml\jackson\core\jackson-annotations\2.15.4\jackson-annotations-2.15.4.jar;C:\Users\vaish\.m2\repository\com\fasterxml\jackson\core\jackson-core\2.15.4\jackson-core-2.15.4.jar;C:\Users\vaish\.m2\repository\com\fasterxml\jackson\datatype\jackson-datatype-jdk8\2.15.4\jackson-datatype-jdk8-2.15.4.jar;C:\Users\vaish\.m2\repository\com\fasterxml\jackson\datatype\jackson-datatype-jsr310\2.15.4\jackson-datatype-jsr310
Launcher Type: SUN_STANDARD

[Global flags]
     intx CICompilerCount                          = 4                                         {product} {ergonomic}
     uint ConcGCThreads                            = 2                                         {product} {ergonomic}
     uint G1ConcRefinementThreads                  = 8                                         {product} {ergonomic}
   size_t G1HeapRegionSize                         = 2097152                                   {product} {ergonomic}
    uintx GCDrainStackTargetSize                   = 64                                        {product} {ergonomic}
   size_t InitialHeapSize                          = 266338304                                 {product} {ergonomic}
   size_t MarkStackSize                            = 4194304                                   {product} {ergonomic}
   size_t MaxHeapSize                              = 4238344192                                {product} {ergonomic}
   size_t MaxNewSize                               = 2541748224                                {product} {ergonomic}
   size_t MinHeapDeltaBytes                        = 2097152                                   {product} {ergonomic}
   size_t MinHeapSize                              = 8388608                                   {product} {ergonomic}
    uintx NonNMethodCodeHeapSize                   = 5839372                                {pd product} {ergonomic}
    uintx NonProfiledCodeHeapSize                  = 122909434                              {pd product} {ergonomic}
    uintx ProfiledCodeHeapSize                     = 122909434                              {pd product} {ergonomic}
    uintx ReservedCodeCacheSize                    = 251658240                              {pd product} {ergonomic}
     bool SegmentedCodeCache                       = true                                      {product} {ergonomic}
     bool ShowCodeDetailsInExceptionMessages       = true                                   {manageable} {command line}
   size_t SoftMaxHeapSize                          = 4238344192                             {manageable} {ergonomic}
     bool UseCompressedClassPointers               = true                           {product lp64_product} {ergonomic}
     bool UseCompressedOops                        = true                           {product lp64_product} {ergonomic}
     bool UseG1GC                                  = true                                      {product} {ergonomic}
     bool UseLargePagesIndividualAllocation        = false                                  {pd product} {ergonomic}

Logging:
Log output configuration:
 #0: stdout all=warning uptime,level,tags
 #1: stderr all=off uptime,level,tags

Environment Variables:
JAVA_HOME=C:\Program Files\Java\jdk-21
PATH=C:/Users/vaish/.p2/pool/plugins/org.eclipse.justj.openjdk.hotspot.jre.full.win32.x86_64_21.0.10.v20260205-0638/jre/bin/server;C:/Users/vaish/.p2/pool/plugins/org.eclipse.justj.openjdk.hotspot.jre.full.win32.x86_64_21.0.10.v20260205-0638/jre/bin;C:\Program Files\Common Files\Oracle\Java\javapath;C:\Program Files\Java\jdk-21\bin;C:\OracleBase\ORACLE_HOME\bin;C:\WINDOWS\system32;C:\WINDOWS;C:\WINDOWS\System32\Wbem;C:\WINDOWS\System32\WindowsPowerShell\v1.0\;C:\WINDOWS\System32\OpenSSH\;C:\Program Files\MySQL\MySQL Server 8.0\bin;C:\Program Files\Git\cmd;C:\TDM-GCC-32\bin;D:\Program Files\nodejs\frontend;C:\ProgramData\chocolatey\bin;C:\Program Files\Tesseract-OCR;C:\Program Files\MySQL\MySQL Shell 8.0\bin\;C:\Users\vaish\AppData\Local\Programs\Python\Python311\Scripts\;C:\Users\vaish\AppData\Local\Programs;C:\WINDOWS\system32;C:\WINDOWS;C:\WINDOWS\System32\Wbem;C:\WINDOWS\System32\WindowsPowerShell\v1.0\;C:\WINDOWS\System32\OpenSSH\;C:\Program Files\Apache Software Foundation\Tomcat 9.0\bin;C:\Program Files\Docker\Docker\resources\bin;C:\Program Files\apache-maven-3.9.6\bin;D:\kubectl;D:\kubectl\minikube\;C:\Users\vaish\AppData\Roaming\npm;D:\Program Files\nodejs\frontend\;C:\WINDOWS\system32;C:\WINDOWS;C:\WINDOWS\System32\Wbem;C:\WINDOWS\System32\WindowsPowerShell\v1.0\;C:\WINDOWS\System32\OpenSSH\;C:\Program Files\Java\jdk-21\bin;C:\Program Files\MySQL\MySQL Server 8.0\bin;C:\Program Files\Git\cmd;C:\TDM-GCC-32\bin;D:\Program Files\nodejs\frontend\;D:\Program Files\nodejs\frontend;C:\ProgramData\chocolatey\bin;C:\Program Files\Java\jdk-21\bin;C:\apache-maven-3.9.11\apache-maven-3.9.11\bin;C:\Program Files\Docker\Docker\resources\bin;C:\Program Files\Tesseract-OCR;C:\Program Files\MySQL\MySQL Shell 8.0\bin\;C:\Users\vaish\AppData\Local\Programs\Python\Python311\Scripts\;C:\Users\vaish\AppData\Local\Programs;C:\Program Files\Common Files\Oracle\Java\javapath;C:\ProgramData\Oracle\Java\javapath;C:\Users\vaish\Downloads\instantclient-basic-windows.x64-23.9.0.25.07.zip\
USERNAME=vaish
OS=Windows_NT
PROCESSOR_IDENTIFIER=Intel64 Family 6 Model 140 Stepping 1, GenuineIntel



---------------  S Y S T E M  ---------------

OS:
 Windows 11 , 64 bit Build 26100 (10.0.26100.8328)
OS uptime: 0 days 11:58 hours
Hyper-V role detected

CPU: total 8 (initial active 8) (4 cores per cpu, 2 threads per core) family 6 model 140 stepping 1 microcode 0x8a, cx8, cmov, fxsr, ht, mmx, 3dnowpref, sse, sse2, sse3, ssse3, sse4.1, sse4.2, popcnt, lzcnt, tsc, tscinvbit, avx, avx2, aes, erms, clmul, bmi1, bmi2, adx, avx512f, avx512dq, avx512cd, avx512bw, avx512vl, sha, fma, vzeroupper, avx512_vpopcntdq, avx512_vpclmulqdq, avx512_vaes, avx512_vnni, clflush, clflushopt, clwb, avx512_vbmi2, avx512_vbmi, hv

Memory: 4k page, system-wide physical 16167M (1255M free)
TotalPageFile size 32551M (AvailPageFile size 27M)
current process WorkingSet (physical memory assigned to process): 179M, peak: 190M
current process commit charge ("private bytes"): 224M, peak: 400M

vm_info: Java HotSpot(TM) 64-Bit Server VM (17.0.12+8-LTS-286) for windows-amd64 JRE (17.0.12+8-LTS-286), built on Jun  5 2024 06:46:59 by "mach5one" with MS VC++ 17.6 (VS2022)

END.
